Archive member included to satisfy reference by file (symbol)

../../../libDaisy//build/libdaisy.a(daisy_patch_sm.o)
                              build/TimeMachine.o (daisy::patch_sm::DaisyPatchSM::D10)
../../../libDaisy//build/libdaisy.a(codec_pcm3060.o)
                              build/time_machine_hardware.o (daisy::Pcm3060::Init(daisy::I2CHandle))
../../../libDaisy//build/libdaisy.a(sdram.o)
                              build/time_machine_hardware.o (SdramHandle::Init())
../../../libDaisy//build/libdaisy.a(audio.o)
                              build/time_machine_hardware.o (daisy::AudioHandle::Init(daisy::AudioHandle::Config const&, daisy::SaiHandle))
../../../libDaisy//build/libdaisy.a(ctrl.o)
                              build/time_machine_hardware.o (daisy::AnalogControl::Init(unsigned short*, float, bool, bool, float))
../../../libDaisy//build/libdaisy.a(gatein.o)
                              build/time_machine_hardware.o (daisy::GateIn::Init(daisy::Pin, bool))
../../../libDaisy//build/libdaisy.a(led.o)
                              build/TimeMachine.o (daisy::Led::Init(daisy::Pin, bool, float))
../../../libDaisy//build/libdaisy.a(logger.o)
                              build/TimeMachine.o (daisy::Logger<(daisy::LoggerDestination)1>::PrintLine(char const*, ...))
../../../libDaisy//build/libdaisy.a(usb.o)
                              ../../../libDaisy//build/libdaisy.a(logger.o) (daisy::UsbHandle::Init(daisy::UsbHandle::UsbPeriph))
../../../libDaisy//build/libdaisy.a(adc.o)
                              build/time_machine_hardware.o (daisy::AdcChannelConfig::InitSingle(daisy::Pin, daisy::AdcChannelConfig::ConversionSpeed))
../../../libDaisy//build/libdaisy.a(dac.o)
                              build/time_machine_hardware.o (daisy::DacHandle::Init(daisy::DacHandle::Config const&))
../../../libDaisy//build/libdaisy.a(gpio.o)
                              ../../../libDaisy//build/libdaisy.a(adc.o) (daisy::GPIO::Init())
../../../libDaisy//build/libdaisy.a(i2c.o)
                              build/time_machine_hardware.o (daisy::I2CHandle::Init(daisy::I2CHandle::Config const&))
../../../libDaisy//build/libdaisy.a(qspi.o)
                              build/time_machine_hardware.o (daisy::QSPIHandle::Init(daisy::QSPIHandle::Config const&))
../../../libDaisy//build/libdaisy.a(rng.o)
                              build/TimeMachine.o (daisy::Random::GetFloat(float, float))
../../../libDaisy//build/libdaisy.a(sai.o)
                              build/time_machine_hardware.o (daisy::SaiHandle::Init(daisy::SaiHandle::Config const&))
../../../libDaisy//build/libdaisy.a(dma.o)
                              build/TimeMachine.o (dsy_dma_invalidate_cache_for_buffer)
../../../libDaisy//build/libdaisy.a(system.o)
                              ../../../libDaisy//build/libdaisy.a(rng.o) (daisy::System::GetNow())
../../../libDaisy//build/libdaisy.a(system_stm32h7xx.o)
                              build/startup_stm32h750xx.o (SystemInit)
../../../libDaisy//build/libdaisy.a(usbd_cdc_if.o)
                              ../../../libDaisy//build/libdaisy.a(usb.o) (CDC_Transmit_FS)
../../../libDaisy//build/libdaisy.a(usbd_conf.o)
                              ../../../libDaisy//build/libdaisy.a(system.o) (hpcd_USB_OTG_HS)
../../../libDaisy//build/libdaisy.a(usbd_desc.o)
                              ../../../libDaisy//build/libdaisy.a(usb.o) (HS_Desc)
../../../libDaisy//build/libdaisy.a(usbh_conf.o)
                              ../../../libDaisy//build/libdaisy.a(system.o) (hhcd_USB_OTG_HS)
../../../libDaisy//build/libdaisy.a(stm32h7xx_hal.o)
                              ../../../libDaisy//build/libdaisy.a(system.o) (HAL_Init)
../../../libDaisy//build/libdaisy.a(stm32h7xx_hal_adc.o)
                              ../../../libDaisy//build/libdaisy.a(adc.o) (HAL_ADC_ConfigChannel)
../../../libDaisy//build/libdaisy.a(stm32h7xx_hal_adc_ex.o)
                              ../../../libDaisy//build/libdaisy.a(adc.o) (HAL_ADCEx_Calibration_Start)
../../../libDaisy//build/libdaisy.a(stm32h7xx_hal_cortex.o)
                              ../../../libDaisy//build/libdaisy.a(stm32h7xx_hal.o) (HAL_NVIC_SetPriorityGrouping)
../../../libDaisy//build/libdaisy.a(stm32h7xx_hal_dac.o)
                              ../../../libDaisy//build/libdaisy.a(dac.o) (HAL_DAC_Init)
../../../libDaisy//build/libdaisy.a(stm32h7xx_hal_dac_ex.o)
                              ../../../libDaisy//build/libdaisy.a(stm32h7xx_hal_dac.o) (DAC_DMAConvCpltCh2)
../../../libDaisy//build/libdaisy.a(stm32h7xx_hal_dma.o)
                              ../../../libDaisy//build/libdaisy.a(adc.o) (HAL_DMA_Init)
../../../libDaisy//build/libdaisy.a(stm32h7xx_hal_gpio.o)
                              ../../../libDaisy//build/libdaisy.a(sdram.o) (HAL_GPIO_Init)
../../../libDaisy//build/libdaisy.a(stm32h7xx_hal_hcd.o)
                              ../../../libDaisy//build/libdaisy.a(usbh_conf.o) (HAL_HCD_HC_Init)
../../../libDaisy//build/libdaisy.a(stm32h7xx_hal_i2c.o)
[...]
Memory Configuration

Name             Origin             Length             Attributes
FLASH            0x0000000008000000 0x0000000000020000 xr
DTCMRAM          0x0000000020000000 0x0000000000020000 xrw
SRAM             0x0000000024000000 0x0000000000080000 xrw
RAM_D2           0x0000000030000000 0x0000000000048000 xrw
RAM_D3           0x0000000038000000 0x0000000000010000 xrw
BACKUP_SRAM      0x0000000038800000 0x0000000000001000 xrw
ITCMRAM          0x0000000000000000 0x0000000000010000 xrw
SDRAM            0x00000000c0000000 0x0000000004000000 xrw
QSPIFLASH        0x0000000090000000 0x0000000000800000 xr
*default*        0x0000000000000000 0xffffffffffffffff

Linker script and memory map

LOAD /Library/DaisyToolchain/0.1.3-ARM/arm/bin/../lib/gcc/arm-none-eabi/10.3.1/thumb/v7e-m+dp/hard/crti.o
LOAD /Library/DaisyToolchain/0.1.3-ARM/arm/bin/../lib/gcc/arm-none-eabi/10.3.1/thumb/v7e-m+dp/hard/crtbegin.o
LOAD /Library/DaisyToolchain/0.1.3-ARM/arm/bin/../lib/gcc/arm-none-eabi/10.3.1/../../../../arm-none-eabi/lib/thumb/v7e-m+dp/hard/crt0.o
LOAD build/startup_stm32h750xx.o
LOAD build/time_machine_hardware.o
LOAD build/TimeMachine.o
LOAD ../../../libDaisy//build/libdaisy.a
LOAD /Library/DaisyToolchain/0.1.3-ARM/arm/bin/../lib/gcc/arm-none-eabi/10.3.1/../../../../arm-none-eabi/lib/thumb/v7e-m+dp/hard/libnosys.a
LOAD ../../../DaisySP//build/libdaisysp.a
LOAD ../../../DaisySP//DaisySP-LGPL/build/libdaisysp-lgpl.a
LOAD /Library/DaisyToolchain/0.1.3-ARM/arm/bin/../lib/gcc/arm-none-eabi/10.3.1/../../../../arm-none-eabi/lib/thumb/v7e-m+dp/hard/libstdc++_nano.a
LOAD /Library/DaisyToolchain/0.1.3-ARM/arm/bin/../lib/gcc/arm-none-eabi/10.3.1/../../../../arm-none-eabi/lib/thumb/v7e-m+dp/hard/libm.a
LOAD /Library/DaisyToolchain/0.1.3-ARM/arm/bin/../lib/gcc/arm-none-eabi/10.3.1/../../../../arm-none-eabi/lib/thumb/v7e-m+dp/hard/libc_nano.a
START GROUP
LOAD /Library/DaisyToolchain/0.1.3-ARM/arm/bin/../lib/gcc/arm-none-eabi/10.3.1/thumb/v7e-m+dp/hard/libgcc.a
LOAD /Library/DaisyToolchain/0.1.3-ARM/arm/bin/../lib/gcc/arm-none-eabi/10.3.1/../../../../arm-none-eabi/lib/thumb/v7e-m+dp/hard/libc_nano.a
END GROUP
START GROUP
LOAD /Library/DaisyToolchain/0.1.3-ARM/arm/bin/../lib/gcc/arm-none-eabi/10.3.1/thumb/v7e-m+dp/hard/libgcc.a
LOAD /Library/DaisyToolchain/0.1.3-ARM/arm/bin/../lib/gcc/arm-none-eabi/10.3.1/../../../../arm-none-eabi/lib/thumb/v7e-m+dp/hard/libc_nano.a
LOAD /Library/DaisyToolchain/0.1.3-ARM/arm/bin/../lib/gcc/arm-none-eabi/10.3.1/../../../../arm-none-eabi/lib/thumb/v7e-m+dp/hard/libnosys.a
END GROUP
START GROUP
LOAD /Library/DaisyToolchain/0.1.3-ARM/arm/bin/../lib/gcc/arm-none-eabi/10.3.1/thumb/v7e-m+dp/hard/libgcc.a
LOAD /Library/DaisyToolchain/0.1.3-ARM/arm/bin/../lib/gcc/arm-none-eabi/10.3.1/../../../../arm-none-eabi/lib/thumb/v7e-m+dp/hard/libc_nano.a
LOAD /Library/DaisyToolchain/0.1.3-ARM/arm/bin/../lib/gcc/arm-none-eabi/10.3.1/../../../../arm-none-eabi/lib/thumb/v7e-m+dp/hard/libnosys.a
END GROUP
LOAD /Library/DaisyToolchain/0.1.3-ARM/arm/bin/../lib/gcc/arm-none-eabi/10.3.1/thumb/v7e-m+dp/hard/crtend.o
LOAD /Library/DaisyToolchain/0.1.3-ARM/arm/bin/../lib/gcc/arm-none-eabi/10.3.1/thumb/v7e-m+dp/hard/crtn.o
                0x0000000020020000                _estack = 0x20020000

.isr_vector     0x0000000008000000      0x298
                0x0000000008000000                . = ALIGN (0x4)
 *(.isr_vector)
 .isr_vector    0x0000000008000000      0x298 build/startup_stm32h750xx.o
                0x0000000008000000                g_pfnVectors
                0x0000000008000298                . = ALIGN (0x4)

.text           0x00000000080002a0    0x1e394
                0x00000000080002a0                . = ALIGN (0x4)
                0x00000000080002a0                _stext = .
 *(.text)
 .text          0x00000000080002a0       0x40 /Library/DaisyToolchain/0.1.3-ARM/arm/bin/../lib/gcc/arm-none-eabi/10.3.1/thumb/v7e-m+dp/hard/crtbegin.o
 .text          0x00000000080002e0       0x10 /Library/DaisyToolchain/0.1.3-ARM/arm/bin/../lib/gcc/arm-none-eabi/10.3.1/../../../../arm-none-eabi/lib/thumb/v7e-m+dp/hard/libc_nano.a(lib_a-strlen.o)
                0x00000000080002e0                strlen
 .text          0x00000000080002f0       0xa0 /Library/DaisyToolchain/0.1.3-ARM/arm/bin/../lib/gcc/arm-none-eabi/10.3.1/../../../../arm-none-eabi/lib/thumb/v7e-m+dp/hard/libc_nano.a(lib_a-memchr.o)
                0x00000000080002f0                memchr
 .text          0x0000000008000390       0x30 /Library/DaisyToolchain/0.1.3-ARM/arm/bin/../lib/gcc/arm-none-eabi/10.3.1/thumb/v7e-m+dp/hard/libgcc.a(_aeabi_uldivmod.o)
                0x0000000008000390                __aeabi_uldivmod
 .text          0x00000000080003c0      0x2d0 /Library/DaisyToolchain/0.1.3-ARM/arm/bin/../lib/gcc/arm-none-eabi/10.3.1/thumb/v7e-m+dp/hard/libgcc.a(_udivmoddi4.o)
                0x00000000080003c0                __udivmoddi4
 .text          0x0000000008000690        0x4 /Library/DaisyToolchain/0.1.3-ARM/arm/bin/../lib/gcc/arm-none-eabi/10.3.1/thumb/v7e-m+dp/hard/libgcc.a(_dvmd_tls.o)
                0x0000000008000690                __aeabi_ldiv0
                0x0000000008000690                __aeabi_idiv0
 *(.text*)
 .text.Default_Handler
                0x0000000008000694        0xa build/startup_stm32h750xx.o
                0x0000000008000694                SAI1_IRQHandler
                0x0000000008000694                HASH_RNG_IRQHandler
                0x0000000008000694                EXTI2_IRQHandler
                0x0000000008000694                TIM8_CC_IRQHandler
                0x0000000008000694                HRTIM1_Master_IRQHandler
                0x0000000008000694                DebugMon_Handler
                0x0000000008000694                TIM1_CC_IRQHandler
                0x0000000008000694                BDMA_Channel6_IRQHandler
                0x0000000008000694                DMA2_Stream5_IRQHandler
                0x0000000008000694                HRTIM1_FLT_IRQHandler
                0x0000000008000694                JPEG_IRQHandler
                0x0000000008000694                BDMA_Channel1_IRQHandler
                0x0000000008000694                HRTIM1_TIMD_IRQHandler
                0x0000000008000694                TAMP_STAMP_IRQHandler
                0x0000000008000694                PendSV_Handler
                0x0000000008000694                NMI_Handler
                0x0000000008000694                EXTI3_IRQHandler
                0x0000000008000694                LPTIM4_IRQHandler
                0x0000000008000694                TIM8_TRG_COM_TIM14_IRQHandler
                0x0000000008000694                LPTIM2_IRQHandler
                0x0000000008000694                DFSDM1_FLT1_IRQHandler
                0x0000000008000694                DMAMUX2_OVR_IRQHandler
                0x0000000008000694                TIM8_UP_TIM13_IRQHandler
                0x0000000008000694                I2C3_ER_IRQHandler
                0x0000000008000694                DFSDM1_FLT2_IRQHandler
                0x0000000008000694                MDMA_IRQHandler
                0x0000000008000694                LPTIM3_IRQHandler
                0x0000000008000694                HSEM1_IRQHandler
                0x0000000008000694                EXTI0_IRQHandler
                0x0000000008000694                FPU_IRQHandler
                0x0000000008000694                OTG_HS_WKUP_IRQHandler
                0x0000000008000694                FDCAN1_IT1_IRQHandler
                0x0000000008000694                UsageFault_Handler
                0x0000000008000694                LTDC_ER_IRQHandler
                0x0000000008000694                HRTIM1_TIME_IRQHandler
                0x0000000008000694                DCMI_IRQHandler
                0x0000000008000694                HRTIM1_TIMC_IRQHandler
                0x0000000008000694                SAI2_IRQHandler
                0x0000000008000694                DFSDM1_FLT3_IRQHandler
                0x0000000008000694                TIM17_IRQHandler
                0x0000000008000694                CRYP_IRQHandler
                0x0000000008000694                BDMA_Channel7_IRQHandler
                0x0000000008000694                LPTIM5_IRQHandler
                0x0000000008000694                ADC3_IRQHandler
                0x0000000008000694                BDMA_Channel2_IRQHandler
                0x0000000008000694                DMAMUX1_OVR_IRQHandler
                0x0000000008000694                TIM16_IRQHandler
                0x0000000008000694                BDMA_Channel5_IRQHandler
                0x0000000008000694                RCC_IRQHandler
                0x0000000008000694                TIM8_BRK_TIM12_IRQHandler
                0x0000000008000694                TIM1_TRG_COM_IRQHandler
                0x0000000008000694                Default_Handler
                0x0000000008000694                ECC_IRQHandler
                0x0000000008000694                CEC_IRQHandler
                0x0000000008000694                EXTI15_10_IRQHandler
                0x0000000008000694                BDMA_Channel0_IRQHandler
                0x0000000008000694                ADC_IRQHandler
                0x0000000008000694                DMA1_Stream7_IRQHandler
                0x0000000008000694                HRTIM1_TIMA_IRQHandler
                0x0000000008000694                TIM7_IRQHandler
                0x0000000008000694                SDMMC1_IRQHandler
                0x0000000008000694                DMA2_Stream7_IRQHandler
                0x0000000008000694                TIM15_IRQHandler
                0x0000000008000694                PVD_AVD_IRQHandler
                0x0000000008000694                EXTI9_5_IRQHandler
                0x0000000008000694                RTC_WKUP_IRQHandler
                0x0000000008000694                LTDC_IRQHandler
                0x0000000008000694                SAI3_IRQHandler
                0x0000000008000694                ETH_WKUP_IRQHandler
                0x0000000008000694                SPDIF_RX_IRQHandler
                0x0000000008000694                MemManage_Handler
                0x0000000008000694                SVC_Handler
                0x0000000008000694                CRS_IRQHandler
                0x0000000008000694                EXTI4_IRQHandler
                0x0000000008000694                HRTIM1_TIMB_IRQHandler
                0x0000000008000694                FDCAN2_IT1_IRQHandler
                0x0000000008000694                ETH_IRQHandler
                0x0000000008000694                TIM1_UP_IRQHandler
                0x0000000008000694                BDMA_Channel4_IRQHandler
                0x0000000008000694                WWDG_IRQHandler
                0x0000000008000694                SPI6_IRQHandler
                0x0000000008000694                I2C4_EV_IRQHandler
                0x0000000008000694                MDIOS_IRQHandler
                0x0000000008000694                FDCAN2_IT0_IRQHandler
                0x0000000008000694                FDCAN1_IT0_IRQHandler
                0x0000000008000694                OTG_FS_WKUP_IRQHandler
                0x0000000008000694                DMA2D_IRQHandler
                0x0000000008000694                TIM1_BRK_IRQHandler
                0x0000000008000694                EXTI1_IRQHandler
                0x0000000008000694                SDMMC2_IRQHandler
                0x0000000008000694                BDMA_Channel3_IRQHandler
                0x0000000008000694                MDIOS_WKUP_IRQHandler
                0x0000000008000694                DFSDM1_FLT0_IRQHandler
                0x0000000008000694                SAI4_IRQHandler
                0x0000000008000694                I2C2_ER_IRQHandler
                0x0000000008000694                FLASH_IRQHandler
                0x0000000008000694                BusFault_Handler
                0x0000000008000694                WAKEUP_PIN_IRQHandler
                0x0000000008000694                I2C1_ER_IRQHandler
                0x0000000008000694                FMC_IRQHandler
                0x0000000008000694                FDCAN_CAL_IRQHandler
                0x0000000008000694                SWPMI1_IRQHandler
                0x0000000008000694                COMP1_IRQHandler
                0x0000000008000694                LPTIM1_IRQHandler
                0x0000000008000694                I2C4_ER_IRQHandler
                0x0000000008000694                DMA2_Stream6_IRQHandler
                0x0000000008000694                RTC_Alarm_IRQHandler
 *fill*         0x000000000800069e        0x2 
 .text.Reset_Handler
                0x00000000080006a0       0x3c build/startup_stm32h750xx.o
                0x00000000080006a0                Reset_Handler
 .text._ZN3oam12time_machine19TimeMachineHardware4Impl19InternalDacCallbackEPPtj
                0x00000000080006dc       0x24 build/time_machine_hardware.o
                0x00000000080006dc                oam::time_machine::TimeMachineHardware::Impl::InternalDacCallback(unsigned short**, unsigned int)
 .text._ZN3oam12time_machine19TimeMachineHardware4Impl7InitDacEv
                0x0000000008000700       0x24 build/time_machine_hardware.o
                0x0000000008000700                oam::time_machine::TimeMachineHardware::Impl::InitDac()
 .text._ZN3oam12time_machine19TimeMachineHardware4Impl8StartDacEPFvPPtjE
                0x0000000008000724       0x38 build/time_machine_hardware.o
                0x0000000008000724                oam::time_machine::TimeMachineHardware::Impl::StartDac(void (*)(unsigned short**, unsigned int))
 .text._ZN3oam12time_machine19TimeMachineHardware10StartAudioEPFvPKPKfPPfjE
                0x000000000800075c        0x6 build/time_machine_hardware.o
                0x000000000800075c                oam::time_machine::TimeMachineHardware::StartAudio(void (*)(float const* const*, float**, unsigned int))
 .text._ZN3oam12time_machine19TimeMachineHardware14AudioBlockSizeEv
                0x0000000008000762        0xc build/time_machine_hardware.o
                0x0000000008000762                oam::time_machine::TimeMachineHardware::AudioBlockSize()
 .text._ZN3oam12time_machine19TimeMachineHardware17SetAudioBlockSizeEj
                0x000000000800076e       0x50 build/time_machine_hardware.o
                0x000000000800076e                oam::time_machine::TimeMachineHardware::SetAudioBlockSize(unsigned int)
 .text._ZN3oam12time_machine19TimeMachineHardware18SetAudioSampleRateEN5daisy9SaiHandle6Config10SampleRateE
                0x00000000080007be       0x50 build/time_machine_hardware.o
                0x00000000080007be                oam::time_machine::TimeMachineHardware::SetAudioSampleRate(daisy::SaiHandle::Config::SampleRate)
 .text._ZN3oam12time_machine19TimeMachineHardware15AudioSampleRateEv
                0x000000000800080e        0x6 build/time_machine_hardware.o
                0x000000000800080e                oam::time_machine::TimeMachineHardware::AudioSampleRate()
 .text._ZN3oam12time_machine19TimeMachineHardware21ProcessAnalogControlsEv
                0x0000000008000814       0x18 build/time_machine_hardware.o
                0x0000000008000814                oam::time_machine::TimeMachineHardware::ProcessAnalogControls()
 .text._ZN3oam12time_machine19TimeMachineHardware22ProcessDigitalControlsEv
                0x000000000800082c        0x2 build/time_machine_hardware.o
                0x000000000800082c                oam::time_machine::TimeMachineHardware::ProcessDigitalControls()
 .text._ZN3oam12time_machine19TimeMachineHardware11GetAdcValueEi
                0x000000000800082e        0xa build/time_machine_hardware.o
                0x000000000800082e                oam::time_machine::TimeMachineHardware::GetAdcValue(int)
 .text._ZN3oam12time_machine19TimeMachineHardware14GetLevelSliderEi
                0x0000000008000838       0x4c build/time_machine_hardware.o
                0x0000000008000838                oam::time_machine::TimeMachineHardware::GetLevelSlider(int)
 .text._ZN3oam12time_machine19TimeMachineHardware10GetLevelCVEi
                0x0000000008000884       0x58 build/time_machine_hardware.o
                0x0000000008000884                oam::time_machine::TimeMachineHardware::GetLevelCV(int)
 .text._ZN3oam12time_machine19TimeMachineHardware10GetPanKnobEi
                0x00000000080008dc       0x4c build/time_machine_hardware.o
                0x00000000080008dc                oam::time_machine::TimeMachineHardware::GetPanKnob(int)
 .text._ZN3oam12time_machine19TimeMachineHardware13GetSpreadKnobEv
                0x0000000008000928        0xa build/time_machine_hardware.o
                0x0000000008000928                oam::time_machine::TimeMachineHardware::GetSpreadKnob()
 .text._ZN3oam12time_machine19TimeMachineHardware11GetTimeKnobEv
                0x0000000008000932        0xa build/time_machine_hardware.o
                0x0000000008000932                oam::time_machine::TimeMachineHardware::GetTimeKnob()
 .text._ZN3oam12time_machine19TimeMachineHardware15GetFeedbackKnobEv
                0x000000000800093c        0xa build/time_machine_hardware.o
                0x000000000800093c                oam::time_machine::TimeMachineHardware::GetFeedbackKnob()
 .text._ZN3oam12time_machine19TimeMachineHardware15GetHighpassKnobEv
                0x0000000008000946        0xa build/time_machine_hardware.o
                0x0000000008000946                oam::time_machine::TimeMachineHardware::GetHighpassKnob()
 .text._ZN3oam12time_machine19TimeMachineHardware14GetLowpassKnobEv
                0x0000000008000950        0xa build/time_machine_hardware.o
                0x0000000008000950                oam::time_machine::TimeMachineHardware::GetLowpassKnob()
 .text._ZN3oam12time_machine19TimeMachineHardware8StartDacEPFvPPtjE
                0x000000000800095a        0x8 build/time_machine_hardware.o
                0x000000000800095a                oam::time_machine::TimeMachineHardware::StartDac(void (*)(unsigned short**, unsigned int))
 *fill*         0x0000000008000962        0x2 
 .text._ZN3oam12time_machine19TimeMachineHardware4InitEv
                0x0000000008000964      0x320 build/time_machine_hardware.o
                0x0000000008000964                oam::time_machine::TimeMachineHardware::Init()
 .text.startup._GLOBAL__sub_I__ZN3oam12time_machine19TimeMachineHardware2A1E
                0x0000000008000c84       0x20 build/time_machine_hardware.o
 .text._ZN5daisy6GateInD2Ev
                0x0000000008000ca4        0x2 build/TimeMachine.o
                0x0000000008000ca4                daisy::GateIn::~GateIn()
                0x0000000008000ca4                daisy::GateIn::~GateIn()
 .text._ZN3oam12time_machine19TimeMachineHardwareD2Ev
                0x0000000008000ca6        0x2 build/TimeMachine.o
                0x0000000008000ca6                oam::time_machine::TimeMachineHardware::~TimeMachineHardware()
                0x0000000008000ca6                oam::time_machine::TimeMachineHardware::~TimeMachineHardware()
 .text.__tcf_0  0x0000000008000ca8        0x2 build/TimeMachine.o
 .text._ZN17StereoTimeMachineD2Ev
                0x0000000008000caa        0x2 build/TimeMachine.o
                0x0000000008000caa                StereoTimeMachine::~StereoTimeMachine()
                0x0000000008000caa                StereoTimeMachine::~StereoTimeMachine()
 .text._ZN5daisy4GPIO6ConfigC2Ev
                0x0000000008000cac       0x12 build/TimeMachine.o
                0x0000000008000cac                daisy::GPIO::Config::Config()
                0x0000000008000cac                daisy::GPIO::Config::Config()
 .text._ZN5daisy6GateIn5StateEv
                0x0000000008000cbe       0x1a build/TimeMachine.o
                0x0000000008000cbe                daisy::GateIn::State()
 .text._ZN7daisysp10Compressor16RecalculateRatioEv
                0x0000000008000cd8       0x22 build/TimeMachine.o
                0x0000000008000cd8                daisysp::Compressor::RecalculateRatio()
 .text._ZN7daisysp10Compressor17RecalculateAttackEv
                0x0000000008000cfa       0x3c build/TimeMachine.o
                0x0000000008000cfa                daisysp::Compressor::RecalculateAttack()
 .text._ZN7daisysp10Compressor18RecalculateReleaseEv
                0x0000000008000d36       0x1e build/TimeMachine.o
                0x0000000008000d36                daisysp::Compressor::RecalculateRelease()
 .text._ZN7daisysp10Compressor17RecalculateMakeupEv
                0x0000000008000d54       0x28 build/TimeMachine.o
                0x0000000008000d54                daisysp::Compressor::RecalculateMakeup()
 .text._ZN6BiquadC2Ev
                0x0000000008000d7c       0x2c build/TimeMachine.o
                0x0000000008000d7c                Biquad::Biquad()
                0x0000000008000d7c                Biquad::Biquad()
 .text._ZN6Biquad10calcBiquadEv
                0x0000000008000da8      0x588 build/TimeMachine.o
                0x0000000008000da8                Biquad::calcBiquad()
 .text._ZN6Biquad7processEf
                0x0000000008001330       0x42 build/TimeMachine.o
                0x0000000008001330                Biquad::process(float)
 .text._Z17wrap_buffer_indexii
                0x0000000008001372       0x12 build/TimeMachine.o
                0x0000000008001372                wrap_buffer_index(int, int)
 .text._Z5clampfff
                0x0000000008001384       0x1a build/TimeMachine.o
                0x0000000008001384                clamp(float, float, float)
 .text._Z13fourPointWarpfffffffff
                0x000000000800139e       0xb8 build/TimeMachine.o
                0x000000000800139e                fourPointWarp(float, float, float, float, float, float, float, float, float)
 *fill*         0x0000000008001456        0x2 
 .text._Z10minMaxKnobff
                0x0000000008001458       0x50 build/TimeMachine.o
                0x0000000008001458                minMaxKnob(float, float)
 .text._Z10spreadTapsfff
                0x00000000080014a8       0x9c build/TimeMachine.o
                0x00000000080014a8                spreadTaps(float, float, float)
 *fill*         0x0000000008001544        0x4 
 .text._Z11panToVolumefPfS_
                0x0000000008001548       0x60 build/TimeMachine.o
                0x0000000008001548                panToVolume(float, float*, float*)
 .text._ZN4Slew7ProcessEf
                0x00000000080015a8       0x58 build/TimeMachine.o
                0x00000000080015a8                Slew::Process(float)
 .text._ZN11ContSchmidt7ProcessEff
                0x0000000008001600       0x76 build/TimeMachine.o
                0x0000000008001600                ContSchmidt::Process(float, float)
 .text._ZN7Limiter7ProcessEf
                0x0000000008001676       0x56 build/TimeMachine.o
                0x0000000008001676                Limiter::Process(float)
 *fill*         0x00000000080016cc        0x4 
 .text._ZN11TimeMachine4InitEffPf
                0x00000000080016d0      0x1c0 build/TimeMachine.o
                0x00000000080016d0                TimeMachine::Init(float, float, float*)
 .text._ZN11TimeMachine7ProcessEf
                0x0000000008001890      0x2f4 build/TimeMachine.o
                0x0000000008001890                TimeMachine::Process(float)
 .text._ZN17ClockRateDetector11GetIntervalEv
                0x0000000008001b84       0x30 build/TimeMachine.o
                0x0000000008001b84                ClockRateDetector::GetInterval()
 *fill*         0x0000000008001bb4        0x4 
 .text._ZN4SlewC2Ev
                0x0000000008001bb8       0x30 build/TimeMachine.o
                0x0000000008001bb8                Slew::Slew()
                0x0000000008001bb8                Slew::Slew()
 .text._ZN14ControlHandlerC2EPKc
                0x0000000008001be8       0x54 build/TimeMachine.o
                0x0000000008001be8                ControlHandler::ControlHandler(char const*)
                0x0000000008001be8                ControlHandler::ControlHandler(char const*)
 *fill*         0x0000000008001c3c        0x4 
 .text._ZN14ControlHandler4DumpEv
                0x0000000008001c40      0x108 build/TimeMachine.o
                0x0000000008001c40                ControlHandler::Dump()
 .text._ZN11TimeMachineC2Ev
                0x0000000008001d48       0xa0 build/TimeMachine.o
                0x0000000008001d48                TimeMachine::TimeMachine()
                0x0000000008001d48                TimeMachine::TimeMachine()
 .text._Z21updateControlHandlersv
                0x0000000008001de8      0x4c4 build/TimeMachine.o
                0x0000000008001de8                updateControlHandlers()
 *fill*         0x00000000080022ac        0x4 
 .text._Z13audioCallbackPKPKfPPfj
                0x00000000080022b0      0x3dc build/TimeMachine.o
                0x00000000080022b0                audioCallback(float const* const*, float**, unsigned int)
 *fill*         0x000000000800268c        0x4 
 .text._Z15isCvCloseToZerof
                0x0000000008002690       0x40 build/TimeMachine.o
                0x0000000008002690                isCvCloseToZero(float)
 .text._Z15shouldCalibratev
                0x00000000080026d0      0x188 build/TimeMachine.o
                0x00000000080026d0                shouldCalibrate()
 .text._Z8logStatev
                0x0000000008002858      0x198 build/TimeMachine.o
                0x0000000008002858                logState()
 .text._ZN5daisy17PersistentStorageI17CvCalibrationDataE22StoreSettingsIfChangedEv
                0x00000000080029f0       0xd4 build/TimeMachine.o
                0x00000000080029f0                daisy::PersistentStorage<CvCalibrationData>::StoreSettingsIfChanged()
 .text._Z9calibrateR17CvCalibrationDatai
                0x0000000008002ac4      0x1e4 build/TimeMachine.o
                0x0000000008002ac4                calibrate(CvCalibrationData&, int)
 .text.startup.main
                0x0000000008002ca8      0x440 build/TimeMachine.o
                0x0000000008002ca8                main
 .text.startup._GLOBAL__sub_I__Z17wrap_buffer_indexii
                0x00000000080030e8      0x17c build/TimeMachine.o
 .text.startup._GLOBAL__sub_I__ZN5daisy8patch_sm12DaisyPatchSM2A1E
                0x0000000008003264       0x28 ../../../libDaisy//build/libdaisy.a(daisy_patch_sm.o)
 .text._ZN5daisy7Pcm30604InitENS_9I2CHandleE
                0x000000000800328c      0x16c ../../../libDaisy//build/libdaisy.a(codec_pcm3060.o)
                0x000000000800328c                daisy::Pcm3060::Init(daisy::I2CHandle)
 .text._ZN11SdramHandle10DeviceInitEv
                0x00000000080033f8       0x98 ../../../libDaisy//build/libdaisy.a(sdram.o)
                0x00000000080033f8                SdramHandle::DeviceInit()
 .text._ZN11SdramHandle4InitEv
                0x0000000008003490       0x7c ../../../libDaisy//build/libdaisy.a(sdram.o)
                0x0000000008003490                SdramHandle::Init()
 .text.HAL_SDRAM_MspInit
                0x000000000800350c      0x1a8 ../../../libDaisy//build/libdaisy.a(sdram.o)
                0x000000000800350c                HAL_SDRAM_MspInit
 .text._ZN5daisy11AudioHandle4Impl16InternalCallbackEPlS2_j
                0x00000000080036b4      0xbbc ../../../libDaisy//build/libdaisy.a(audio.o)
                0x00000000080036b4                daisy::AudioHandle::Impl::InternalCallback(long*, long*, unsigned int)
 .text._ZN5daisy11AudioHandle4InitERKNS0_6ConfigENS_9SaiHandleE
                0x0000000008004270       0x70 ../../../libDaisy//build/libdaisy.a(audio.o)
                0x0000000008004270                daisy::AudioHandle::Init(daisy::AudioHandle::Config const&, daisy::SaiHandle)
 .text._ZNK5daisy11AudioHandle9GetConfigEv
                0x00000000080042e0        0x8 ../../../libDaisy//build/libdaisy.a(audio.o)
                0x00000000080042e0                daisy::AudioHandle::GetConfig() const
 .text._ZN5daisy11AudioHandle12SetBlockSizeEj
                0x00000000080042e8       0x1c ../../../libDaisy//build/libdaisy.a(audio.o)
                0x00000000080042e8                daisy::AudioHandle::SetBlockSize(unsigned int)
 .text._ZN5daisy11AudioHandle13GetSampleRateEv
                0x0000000008004304        0x8 ../../../libDaisy//build/libdaisy.a(audio.o)
                0x0000000008004304                daisy::AudioHandle::GetSampleRate()
 .text._ZN5daisy11AudioHandle13SetSampleRateENS_9SaiHandle6Config10SampleRateE
                0x000000000800430c       0xa8 ../../../libDaisy//build/libdaisy.a(audio.o)
                0x000000000800430c                daisy::AudioHandle::SetSampleRate(daisy::SaiHandle::Config::SampleRate)
 .text._ZN5daisy11AudioHandle5StartEPFvPKPKfPPfjE
                0x00000000080043b4       0x44 ../../../libDaisy//build/libdaisy.a(audio.o)
                0x00000000080043b4                daisy::AudioHandle::Start(void (*)(float const* const*, float**, unsigned int))
 .text.startup._GLOBAL__sub_I__ZN5daisy11AudioHandle4Impl4InitENS0_6ConfigENS_9SaiHandleE
                0x00000000080043f8       0x24 ../../../libDaisy//build/libdaisy.a(audio.o)
 .text._ZN5daisy13AnalogControl4InitEPtfbbf
                0x000000000800441c       0x64 ../../../libDaisy//build/libdaisy.a(ctrl.o)
                0x000000000800441c                daisy::AnalogControl::Init(unsigned short*, float, bool, bool, float)
 .text._ZN5daisy13AnalogControl13InitBipolarCvEPtf
                0x0000000008004480       0x6c ../../../libDaisy//build/libdaisy.a(ctrl.o)
                0x0000000008004480                daisy::AnalogControl::InitBipolarCv(unsigned short*, float)
 .text._ZN5daisy13AnalogControl7ProcessEv
                0x00000000080044ec       0x48 ../../../libDaisy//build/libdaisy.a(ctrl.o)
                0x00000000080044ec                daisy::AnalogControl::Process()
 .text._ZN5daisy13AnalogControl13SetSampleRateEf
                0x0000000008004534       0x58 ../../../libDaisy//build/libdaisy.a(ctrl.o)
                0x0000000008004534                daisy::AnalogControl::SetSampleRate(float)
 .text._ZN5daisy6GateIn4InitENS_3PinEb
                0x000000000800458c       0x24 ../../../libDaisy//build/libdaisy.a(gatein.o)
                0x000000000800458c                daisy::GateIn::Init(daisy::Pin, bool)
 .text._ZN5daisy3Led4InitENS_3PinEbf
                0x00000000080045b0       0x44 ../../../libDaisy//build/libdaisy.a(led.o)
                0x00000000080045b0                daisy::Led::Init(daisy::Pin, bool, float)
 .text._ZN5daisy3Led3SetEf
                0x00000000080045f4       0x24 ../../../libDaisy//build/libdaisy.a(led.o)
                0x00000000080045f4                daisy::Led::Set(float)
 .text._ZN5daisy3Led6UpdateEv
                0x0000000008004618       0x48 ../../../libDaisy//build/libdaisy.a(led.o)
                0x0000000008004618                daisy::Led::Update()
 .text._ZN5daisy9UsbHandleD2Ev
                0x0000000008004660        0x4 ../../../libDaisy//build/libdaisy.a(logger.o)
                0x0000000008004660                daisy::UsbHandle::~UsbHandle()
                0x0000000008004660                daisy::UsbHandle::~UsbHandle()
 .text._ZN5daisy6LoggerILNS_17LoggerDestinationE1EE11TransmitBufEv
                0x0000000008004664       0x64 ../../../libDaisy//build/libdaisy.a(logger.o)
                0x0000000008004664                daisy::Logger<(daisy::LoggerDestination)1>::TransmitBuf()
 .text._ZN5daisy6LoggerILNS_17LoggerDestinationE1EE13AppendNewLineEv
                0x00000000080046c8       0x64 ../../../libDaisy//build/libdaisy.a(logger.o)
                0x00000000080046c8                daisy::Logger<(daisy::LoggerDestination)1>::AppendNewLine()
 .text._ZN5daisy6LoggerILNS_17LoggerDestinationE1EE10PrintLineVEPKcSt9__va_list
                0x000000000800472c       0x30 ../../../libDaisy//build/libdaisy.a(logger.o)
                0x000000000800472c                daisy::Logger<(daisy::LoggerDestination)1>::PrintLineV(char const*, std::__va_list)
 .text._ZN5daisy6LoggerILNS_17LoggerDestinationE1EE9PrintLineEPKcz
                0x000000000800475c       0x1c ../../../libDaisy//build/libdaisy.a(logger.o)
                0x000000000800475c                daisy::Logger<(daisy::LoggerDestination)1>::PrintLine(char const*, ...)
 .text._ZN5daisy6LoggerILNS_17LoggerDestinationE1EE8StartLogEb
                0x0000000008004778       0x40 ../../../libDaisy//build/libdaisy.a(logger.o)
                0x0000000008004778                daisy::Logger<(daisy::LoggerDestination)1>::StartLog(bool)
 .text.startup._GLOBAL__sub_I__ZN5daisy10LoggerImplILNS_17LoggerDestinationE1EE11usb_handle_E
                0x00000000080047b8       0x2c ../../../libDaisy//build/libdaisy.a(logger.o)
 .text.DummyRxCallback
                0x00000000080047e4        0x4 ../../../libDaisy//build/libdaisy.a(usb.o)
                0x00000000080047e4                DummyRxCallback
 .text._ZN5daisy9UsbHandle4InitENS0_9UsbPeriphE
                0x00000000080047e8      0x10c ../../../libDaisy//build/libdaisy.a(usb.o)
                0x00000000080047e8                daisy::UsbHandle::Init(daisy::UsbHandle::UsbPeriph)
 .text._ZN5daisy9UsbHandle16TransmitInternalEPhj
                0x00000000080048f4       0x14 ../../../libDaisy//build/libdaisy.a(usb.o)
                0x00000000080048f4                daisy::UsbHandle::TransmitInternal(unsigned char*, unsigned int)
 .text.OTG_FS_EP1_OUT_IRQHandler
                0x0000000008004908        0xc ../../../libDaisy//build/libdaisy.a(usb.o)
                0x0000000008004908                OTG_FS_EP1_OUT_IRQHandler
 .text.OTG_FS_EP1_IN_IRQHandler
                0x0000000008004914        0xc ../../../libDaisy//build/libdaisy.a(usb.o)
                0x0000000008004914                OTG_FS_EP1_IN_IRQHandler
 .text.OTG_FS_IRQHandler
                0x0000000008004920        0xc ../../../libDaisy//build/libdaisy.a(usb.o)
                0x0000000008004920                OTG_FS_IRQHandler
 .text._ZN5daisy16AdcChannelConfig10InitSingleENS_3PinENS0_15ConversionSpeedE
                0x000000000800492c       0x20 ../../../libDaisy//build/libdaisy.a(adc.o)
                0x000000000800492c                daisy::AdcChannelConfig::InitSingle(daisy::Pin, daisy::AdcChannelConfig::ConversionSpeed)
 .text._ZN5daisy16AdcChannelConfig7InitMuxENS_3PinEjS1_S1_S1_NS0_15ConversionSpeedE
                0x000000000800494c       0x7c ../../../libDaisy//build/libdaisy.a(adc.o)
                0x000000000800494c                daisy::AdcChannelConfig::InitMux(daisy::Pin, unsigned int, daisy::Pin, daisy::Pin, daisy::Pin, daisy::AdcChannelConfig::ConversionSpeed)
 .text._ZN5daisy9AdcHandle4InitEPNS_16AdcChannelConfigEjNS0_12OverSamplingE
                0x00000000080049c8      0x410 ../../../libDaisy//build/libdaisy.a(adc.o)
                0x00000000080049c8                daisy::AdcHandle::Init(daisy::AdcChannelConfig*, unsigned int, daisy::AdcHandle::OverSampling)
 .text._ZN5daisy9AdcHandle5StartEv
                0x0000000008004dd8       0x2c ../../../libDaisy//build/libdaisy.a(adc.o)
                0x0000000008004dd8                daisy::AdcHandle::Start()
 .text._ZNK5daisy9AdcHandle6GetPtrEh
                0x0000000008004e04       0x14 ../../../libDaisy//build/libdaisy.a(adc.o)
                0x0000000008004e04                daisy::AdcHandle::GetPtr(unsigned char) const
 .text._ZNK5daisy9AdcHandle9GetMuxPtrEhh
                0x0000000008004e18       0x18 ../../../libDaisy//build/libdaisy.a(adc.o)
                0x0000000008004e18                daisy::AdcHandle::GetMuxPtr(unsigned char, unsigned char) const
 .text._ZNK5daisy9AdcHandle11GetMuxFloatEhh
                0x0000000008004e30       0x20 ../../../libDaisy//build/libdaisy.a(adc.o)
                0x0000000008004e30                daisy::AdcHandle::GetMuxFloat(unsigned char, unsigned char) const
 .text.HAL_ADC_MspInit
                0x0000000008004e50       0xa4 ../../../libDaisy//build/libdaisy.a(adc.o)
                0x0000000008004e50                HAL_ADC_MspInit
 .text.DMA1_Stream2_IRQHandler
                0x0000000008004ef4        0xc ../../../libDaisy//build/libdaisy.a(adc.o)
                0x0000000008004ef4                DMA1_Stream2_IRQHandler
 .text.HAL_ADC_ConvCpltCallback
                0x0000000008004f00      0x15c ../../../libDaisy//build/libdaisy.a(adc.o)
                0x0000000008004f00                HAL_ADC_ConvCpltCallback
 .text.HAL_ADC_ErrorCallback
                0x000000000800505c        0x4 ../../../libDaisy//build/libdaisy.a(adc.o)
                0x000000000800505c                HAL_ADC_ErrorCallback
 .text.startup._GLOBAL__sub_I__ZN5daisy16AdcChannelConfig10InitSingleENS_3PinENS0_15ConversionSpeedE
                0x0000000008005060       0x38 ../../../libDaisy//build/libdaisy.a(adc.o)
 .text.HAL_DAC_MspInit
                0x0000000008005098      0x164 ../../../libDaisy//build/libdaisy.a(dac.o)
                0x0000000008005098                HAL_DAC_MspInit
 .text.DMA2_Stream0_IRQHandler
                0x00000000080051fc        0xc ../../../libDaisy//build/libdaisy.a(dac.o)
                0x00000000080051fc                DMA2_Stream0_IRQHandler
 .text.DMA2_Stream1_IRQHandler
                0x0000000008005208        0xc ../../../libDaisy//build/libdaisy.a(dac.o)
                0x0000000008005208                DMA2_Stream1_IRQHandler
 .text.TIM6_DAC_IRQHandler
                0x0000000008005214       0x1c ../../../libDaisy//build/libdaisy.a(dac.o)
                0x0000000008005214                TIM6_DAC_IRQHandler
 .text.HAL_DAC_ConvCpltCallbackCh1
                0x0000000008005230       0x60 ../../../libDaisy//build/libdaisy.a(dac.o)
                0x0000000008005230                HAL_DAC_ConvCpltCallbackCh1
 .text.HAL_DAC_ConvHalfCpltCallbackCh1
                0x0000000008005290       0x54 ../../../libDaisy//build/libdaisy.a(dac.o)
                0x0000000008005290                HAL_DAC_ConvHalfCpltCallbackCh1
 .text.HAL_DACEx_ConvHalfCpltCallbackCh2
                0x00000000080052e4       0x2c ../../../libDaisy//build/libdaisy.a(dac.o)
                0x00000000080052e4                HAL_DACEx_ConvHalfCpltCallbackCh2
 .text.HAL_DACEx_ConvCpltCallbackCh2
                0x0000000008005310       0x34 ../../../libDaisy//build/libdaisy.a(dac.o)
                0x0000000008005310                HAL_DACEx_ConvCpltCallbackCh2
 .text._ZN5daisy9DacHandle4InitERKNS0_6ConfigE
                0x0000000008005344       0xfc ../../../libDaisy//build/libdaisy.a(dac.o)
                0x0000000008005344                daisy::DacHandle::Init(daisy::DacHandle::Config const&)
 .text._ZN5daisy9DacHandle5StartEPtS1_jPFvPS1_jE
                0x0000000008005440       0x6c ../../../libDaisy//build/libdaisy.a(dac.o)
                0x0000000008005440                daisy::DacHandle::Start(unsigned short*, unsigned short*, unsigned int, void (*)(unsigned short**, unsigned int))
 .text._ZN5daisy9DacHandle4StopEv
                0x00000000080054ac       0x40 ../../../libDaisy//build/libdaisy.a(dac.o)
                0x00000000080054ac                daisy::DacHandle::Stop()
 *fill*         0x00000000080054ec        0x4 
 .text.startup._GLOBAL__sub_I__ZN5daisy9DacHandle4Impl4InitERKNS0_6ConfigE
                0x00000000080054f0       0x34 ../../../libDaisy//build/libdaisy.a(dac.o)
 .text._ZN5daisy4GPIO4InitEv
                0x0000000008005524      0x1bc ../../../libDaisy//build/libdaisy.a(gpio.o)
                0x0000000008005524                daisy::GPIO::Init()
 .text._ZN5daisy4GPIO4InitENS_3PinENS0_4ModeENS0_4PullENS0_5SpeedE
                0x00000000080056e0      0x1cc ../../../libDaisy//build/libdaisy.a(gpio.o)
                0x00000000080056e0                daisy::GPIO::Init(daisy::Pin, daisy::GPIO::Mode, daisy::GPIO::Pull, daisy::GPIO::Speed)
 .text._ZN5daisy4GPIO4ReadEv
                0x00000000080058ac       0x18 ../../../libDaisy//build/libdaisy.a(gpio.o)
                0x00000000080058ac                daisy::GPIO::Read()
 .text._ZN5daisy4GPIO5WriteEb
                0x00000000080058c4       0x14 ../../../libDaisy//build/libdaisy.a(gpio.o)
                0x00000000080058c4                daisy::GPIO::Write(bool)
 .text._ZN5daisy9I2CHandle4Impl8InitPinsEv
                0x00000000080058d8       0x70 ../../../libDaisy//build/libdaisy.a(i2c.o)
                0x00000000080058d8                daisy::I2CHandle::Impl::InitPins()
 .text.HAL_I2C_MspInit
                0x0000000008005948      0x1b4 ../../../libDaisy//build/libdaisy.a(i2c.o)
                0x0000000008005948                HAL_I2C_MspInit
 .text.dsy_i2c_global_init
                0x0000000008005afc       0x78 ../../../libDaisy//build/libdaisy.a(i2c.o)
                0x0000000008005afc                dsy_i2c_global_init
 .text.DMA1_Stream6_IRQHandler
                0x0000000008005b74       0x34 ../../../libDaisy//build/libdaisy.a(i2c.o)
                0x0000000008005b74                DMA1_Stream6_IRQHandler
 .text.I2C1_EV_IRQHandler
                0x0000000008005ba8        0xc ../../../libDaisy//build/libdaisy.a(i2c.o)
                0x0000000008005ba8                I2C1_EV_IRQHandler
 .text.I2C2_EV_IRQHandler
                0x0000000008005bb4        0xc ../../../libDaisy//build/libdaisy.a(i2c.o)
                0x0000000008005bb4                I2C2_EV_IRQHandler
 .text.I2C3_EV_IRQHandler
                0x0000000008005bc0        0xc ../../../libDaisy//build/libdaisy.a(i2c.o)
                0x0000000008005bc0                I2C3_EV_IRQHandler
 .text._ZN5daisy9I2CHandle4InitERKNS0_6ConfigE
                0x0000000008005bcc      0x130 ../../../libDaisy//build/libdaisy.a(i2c.o)
                0x0000000008005bcc                daisy::I2CHandle::Init(daisy::I2CHandle::Config const&)
 .text._ZN5daisy9I2CHandle17ReadDataAtAddressEtttPhtm
                0x0000000008005cfc       0x4c ../../../libDaisy//build/libdaisy.a(i2c.o)
                0x0000000008005cfc                daisy::I2CHandle::ReadDataAtAddress(unsigned short, unsigned short, unsigned short, unsigned char*, unsigned short, unsigned long)
 .text._ZN5daisy9I2CHandle18WriteDataAtAddressEtttPhtm
                0x0000000008005d48       0x4c ../../../libDaisy//build/libdaisy.a(i2c.o)
                0x0000000008005d48                daisy::I2CHandle::WriteDataAtAddress(unsigned short, unsigned short, unsigned short, unsigned char*, unsigned short, unsigned long)
 .text.startup._GLOBAL__sub_I__ZN5daisy9I2CHandle4Impl10GlobalInitEv
                0x0000000008005d94       0x2c ../../../libDaisy//build/libdaisy.a(i2c.o)
 .text._ZN5daisy10QSPIHandle4Impl11WriteEnableEv
                0x0000000008005dc0       0x8c ../../../libDaisy//build/libdaisy.a(qspi.o)
                0x0000000008005dc0                daisy::QSPIHandle::Impl::WriteEnable()
 *fill*         0x0000000008005e4c        0x4 
 .text._ZN5daisy10QSPIHandle4Impl17DummyCyclesConfigENS0_6Config6DeviceE
                0x0000000008005e50      0x118 ../../../libDaisy//build/libdaisy.a(qspi.o)
                0x0000000008005e50                daisy::QSPIHandle::Impl::DummyCyclesConfig(daisy::QSPIHandle::Config::Device)
 .text._ZN5daisy10QSPIHandle4Impl10QuadEnableEv
                0x0000000008005f68      0x158 ../../../libDaisy//build/libdaisy.a(qspi.o)
                0x0000000008005f68                daisy::QSPIHandle::Impl::QuadEnable()
 .text._ZN5daisy10QSPIHandle4Impl4InitERKNS0_6ConfigE
                0x00000000080060c0      0x194 ../../../libDaisy//build/libdaisy.a(qspi.o)
                0x00000000080060c0                daisy::QSPIHandle::Impl::Init(daisy::QSPIHandle::Config const&)
 *fill*         0x0000000008006254        0x4 
 .text._ZN5daisy10QSPIHandle4Impl7SetModeENS0_6Config4ModeE.part.0
                0x0000000008006258      0x184 ../../../libDaisy//build/libdaisy.a(qspi.o)
 .text._ZN5daisy10QSPIHandle4Impl9WritePageEmmPhb
                0x00000000080063dc      0x1bc ../../../libDaisy//build/libdaisy.a(qspi.o)
                0x00000000080063dc                daisy::QSPIHandle::Impl::WritePage(unsigned long, unsigned long, unsigned char*, bool)
 .text._ZN5daisy10QSPIHandle4Impl5WriteEmmPh
                0x0000000008006598      0x320 ../../../libDaisy//build/libdaisy.a(qspi.o)
                0x0000000008006598                daisy::QSPIHandle::Impl::Write(unsigned long, unsigned long, unsigned char*)
 .text._ZN5daisy10QSPIHandle4InitERKNS0_6ConfigE
                0x00000000080068b8      0x18c ../../../libDaisy//build/libdaisy.a(qspi.o)
                0x00000000080068b8                daisy::QSPIHandle::Init(daisy::QSPIHandle::Config const&)
 .text._ZN5daisy10QSPIHandle5WriteEmmPh
                0x0000000008006a44        0x8 ../../../libDaisy//build/libdaisy.a(qspi.o)
                0x0000000008006a44                daisy::QSPIHandle::Write(unsigned long, unsigned long, unsigned char*)
 *fill*         0x0000000008006a4c        0x4 
 .text._ZN5daisy10QSPIHandle5EraseEmm
                0x0000000008006a50      0x1d4 ../../../libDaisy//build/libdaisy.a(qspi.o)
                0x0000000008006a50                daisy::QSPIHandle::Erase(unsigned long, unsigned long)
 .text._ZN5daisy10QSPIHandle7GetDataEm
                0x0000000008006c24        0xc ../../../libDaisy//build/libdaisy.a(qspi.o)
                0x0000000008006c24                daisy::QSPIHandle::GetData(unsigned long)
 .text.HAL_QSPI_MspInit
                0x0000000008006c30      0x114 ../../../libDaisy//build/libdaisy.a(qspi.o)
                0x0000000008006c30                HAL_QSPI_MspInit
 .text.HAL_QSPI_MspDeInit
                0x0000000008006d44       0x60 ../../../libDaisy//build/libdaisy.a(qspi.o)
                0x0000000008006d44                HAL_QSPI_MspDeInit
 .text.QUADSPI_IRQHandler
                0x0000000008006da4        0xc ../../../libDaisy//build/libdaisy.a(qspi.o)
                0x0000000008006da4                QUADSPI_IRQHandler
 .text.startup._GLOBAL__sub_I__ZN5daisy10QSPIHandle4Impl4InitERKNS0_6ConfigE
                0x0000000008006db0       0x34 ../../../libDaisy//build/libdaisy.a(qspi.o)
 .text._ZN5daisy6Random4InitEv
                0x0000000008006de4       0x3c ../../../libDaisy//build/libdaisy.a(rng.o)
                0x0000000008006de4                daisy::Random::Init()
 .text._ZN5daisy6Random8GetFloatEff
                0x0000000008006e20       0x5c ../../../libDaisy//build/libdaisy.a(rng.o)
                0x0000000008006e20                daisy::Random::GetFloat(float, float)
 .text._ZN5daisy9SaiHandle4Impl7InitDmaENS1_15PeripheralBlockE
                0x0000000008006e7c       0xa0 ../../../libDaisy//build/libdaisy.a(sai.o)
                0x0000000008006e7c                daisy::SaiHandle::Impl::InitDma(daisy::SaiHandle::Impl::PeripheralBlock)
 .text._ZN5daisy9SaiHandle4Impl8InitPinsEv
                0x0000000008006f1c       0xbc ../../../libDaisy//build/libdaisy.a(sai.o)
                0x0000000008006f1c                daisy::SaiHandle::Impl::InitPins()
 .text.HAL_SAI_MspInit
                0x0000000008006fd8      0x164 ../../../libDaisy//build/libdaisy.a(sai.o)
                0x0000000008006fd8                HAL_SAI_MspInit
 .text.DMA1_Stream0_IRQHandler
                0x000000000800713c        0xc ../../../libDaisy//build/libdaisy.a(sai.o)
                0x000000000800713c                DMA1_Stream0_IRQHandler
 .text.DMA1_Stream1_IRQHandler
                0x0000000008007148        0xc ../../../libDaisy//build/libdaisy.a(sai.o)
                0x0000000008007148                DMA1_Stream1_IRQHandler
 .text.DMA1_Stream3_IRQHandler
                0x0000000008007154        0xc ../../../libDaisy//build/libdaisy.a(sai.o)
                0x0000000008007154                DMA1_Stream3_IRQHandler
 .text.DMA1_Stream4_IRQHandler
                0x0000000008007160        0xc ../../../libDaisy//build/libdaisy.a(sai.o)
                0x0000000008007160                DMA1_Stream4_IRQHandler
 .text.HAL_SAI_RxHalfCpltCallback
                0x000000000800716c       0x78 ../../../libDaisy//build/libdaisy.a(sai.o)
                0x000000000800716c                HAL_SAI_RxHalfCpltCallback
 .text.HAL_SAI_RxCpltCallback
                0x00000000080071e4       0x70 ../../../libDaisy//build/libdaisy.a(sai.o)
                0x00000000080071e4                HAL_SAI_RxCpltCallback
 *fill*         0x0000000008007254        0x4 
 .text._ZN5daisy9SaiHandle4InitERKNS0_6ConfigE
                0x0000000008007258      0x1f0 ../../../libDaisy//build/libdaisy.a(sai.o)
                0x0000000008007258                daisy::SaiHandle::Init(daisy::SaiHandle::Config const&)
 .text._ZNK5daisy9SaiHandle9GetConfigEv
                0x0000000008007448        0x4 ../../../libDaisy//build/libdaisy.a(sai.o)
                0x0000000008007448                daisy::SaiHandle::GetConfig() const
 .text._ZN5daisy9SaiHandle8StartDmaEPlS1_jPFvS1_S1_jE
                0x000000000800744c       0xbc ../../../libDaisy//build/libdaisy.a(sai.o)
                0x000000000800744c                daisy::SaiHandle::StartDma(long*, long*, unsigned int, void (*)(long*, long*, unsigned int))
 .text._ZN5daisy9SaiHandle13GetSampleRateEv
                0x0000000008007508       0x24 ../../../libDaisy//build/libdaisy.a(sai.o)
                0x0000000008007508                daisy::SaiHandle::GetSampleRate()
 .text._ZNK5daisy9SaiHandle9GetOffsetEv
                0x000000000800752c        0x8 ../../../libDaisy//build/libdaisy.a(sai.o)
                0x000000000800752c                daisy::SaiHandle::GetOffset() const
 .text.startup._GLOBAL__sub_I__ZN5daisy9SaiHandle4Impl4InitERKNS0_6ConfigE
                0x0000000008007534       0x20 ../../../libDaisy//build/libdaisy.a(sai.o)
 .text.dsy_dma_init
                0x0000000008007554      0x100 ../../../libDaisy//build/libdaisy.a(dma.o)
                0x0000000008007554                dsy_dma_init
 .text.dsy_dma_invalidate_cache_for_buffer
                0x0000000008007654       0x2c ../../../libDaisy//build/libdaisy.a(dma.o)
                0x0000000008007654                dsy_dma_invalidate_cache_for_buffer
 .text._ZN5daisy11TimerHandleD2Ev
                0x0000000008007680        0x4 ../../../libDaisy//build/libdaisy.a(system.o)
                0x0000000008007680                daisy::TimerHandle::~TimerHandle()
                0x0000000008007680                daisy::TimerHandle::~TimerHandle()
 .text.SysTick_Handler
                0x0000000008007684       0x10 ../../../libDaisy//build/libdaisy.a(system.o)
                0x0000000008007684                SysTick_Handler
 .text.OTG_HS_EP1_OUT_IRQHandler
                0x0000000008007694       0x24 ../../../libDaisy//build/libdaisy.a(system.o)
                0x0000000008007694                OTG_HS_EP1_OUT_IRQHandler
 .text.OTG_HS_EP1_IN_IRQHandler
                0x00000000080076b8       0x24 ../../../libDaisy//build/libdaisy.a(system.o)
                0x00000000080076b8                OTG_HS_EP1_IN_IRQHandler
 .text.OTG_HS_IRQHandler
                0x00000000080076dc       0x24 ../../../libDaisy//build/libdaisy.a(system.o)
                0x00000000080076dc                OTG_HS_IRQHandler
 .text.HardFault_Handler
                0x0000000008007700       0xe0 ../../../libDaisy//build/libdaisy.a(system.o)
                0x0000000008007700                HardFault_Handler
 .text._ZN5daisy6System6GetNowEv
                0x00000000080077e0        0x4 ../../../libDaisy//build/libdaisy.a(system.o)
                0x00000000080077e0                daisy::System::GetNow()
 .text._ZN5daisy6System7GetTickEv
                0x00000000080077e4        0xc ../../../libDaisy//build/libdaisy.a(system.o)
                0x00000000080077e4                daisy::System::GetTick()
 .text._ZN5daisy6System5DelayEm
                0x00000000080077f0        0x4 ../../../libDaisy//build/libdaisy.a(system.o)
                0x00000000080077f0                daisy::System::Delay(unsigned long)
 *fill*         0x00000000080077f4        0x4 
 .text._ZN5daisy6System15ConfigureClocksEv
                0x00000000080077f8      0x1a4 ../../../libDaisy//build/libdaisy.a(system.o)
                0x00000000080077f8                daisy::System::ConfigureClocks()
 .text._ZN5daisy6System12ConfigureMpuEv
                0x000000000800799c       0x7c ../../../libDaisy//build/libdaisy.a(system.o)
                0x000000000800799c                daisy::System::ConfigureMpu()
 .text._ZN5daisy6System4InitERKNS0_6ConfigE
                0x0000000008007a18       0xf8 ../../../libDaisy//build/libdaisy.a(system.o)
                0x0000000008007a18                daisy::System::Init(daisy::System::Config const&)
 .text._ZN5daisy6System12GetPClk1FreqEv
                0x0000000008007b10        0x4 ../../../libDaisy//build/libdaisy.a(system.o)
                0x0000000008007b10                daisy::System::GetPClk1Freq()
 .text._ZN5daisy6System11GetTickFreqEv
                0x0000000008007b14        0xc ../../../libDaisy//build/libdaisy.a(system.o)
                0x0000000008007b14                daisy::System::GetTickFreq()
 .text._ZN5daisy6System12GetPClk2FreqEv
                0x0000000008007b20        0x4 ../../../libDaisy//build/libdaisy.a(system.o)
                0x0000000008007b20                daisy::System::GetPClk2Freq()
 .text._ZN5daisy6System22GetProgramMemoryRegionEv
                0x0000000008007b24       0x78 ../../../libDaisy//build/libdaisy.a(system.o)
                0x0000000008007b24                daisy::System::GetProgramMemoryRegion()
 .text.startup._GLOBAL__sub_I__ZN5daisy9boot_infoE
                0x0000000008007b9c       0x1c ../../../libDaisy//build/libdaisy.a(system.o)
 .text.SystemInit
                0x0000000008007bb8       0x9c ../../../libDaisy//build/libdaisy.a(system_stm32h7xx.o)
                0x0000000008007bb8                SystemInit
 .text.dummy_rx_callback
                0x0000000008007c54        0x4 ../../../libDaisy//build/libdaisy.a(usbd_cdc_if.o)
                0x0000000008007c54                dummy_rx_callback
 .text.CDC_DeInit_FS
                0x0000000008007c58        0x4 ../../../libDaisy//build/libdaisy.a(usbd_cdc_if.o)
 .text.CDC_Receive_FS
                0x0000000008007c5c       0x2c ../../../libDaisy//build/libdaisy.a(usbd_cdc_if.o)
 .text.CDC_Receive_HS
                0x0000000008007c88       0x2c ../../../libDaisy//build/libdaisy.a(usbd_cdc_if.o)
 .text.CDC_Init_FS
                0x0000000008007cb4       0x3c ../../../libDaisy//build/libdaisy.a(usbd_cdc_if.o)
 .text.CDC_Init_HS
                0x0000000008007cf0       0x3c ../../../libDaisy//build/libdaisy.a(usbd_cdc_if.o)
 .text.CDC_Control_FS
                0x0000000008007d2c       0x34 ../../../libDaisy//build/libdaisy.a(usbd_cdc_if.o)
 .text.CDC_Control_HS
                0x0000000008007d60       0x34 ../../../libDaisy//build/libdaisy.a(usbd_cdc_if.o)
 .text.CDC_DeInit_HS
                0x0000000008007d94        0x4 ../../../libDaisy//build/libdaisy.a(usbd_cdc_if.o)
 .text.CDC_Transmit_FS
                0x0000000008007d98       0x2c ../../../libDaisy//build/libdaisy.a(usbd_cdc_if.o)
                0x0000000008007d98                CDC_Transmit_FS
 .text.HAL_PCD_MspInit
                0x0000000008007dc4      0x144 ../../../libDaisy//build/libdaisy.a(usbd_conf.o)
                0x0000000008007dc4                HAL_PCD_MspInit
 .text.HAL_PCD_SetupStageCallback
                0x0000000008007f08        0xc ../../../libDaisy//build/libdaisy.a(usbd_conf.o)
                0x0000000008007f08                HAL_PCD_SetupStageCallback
 .text.HAL_PCD_DataOutStageCallback
                0x0000000008007f14       0x14 ../../../libDaisy//build/libdaisy.a(usbd_conf.o)
                0x0000000008007f14                HAL_PCD_DataOutStageCallback
 .text.HAL_PCD_DataInStageCallback
                0x0000000008007f28       0x14 ../../../libDaisy//build/libdaisy.a(usbd_conf.o)
                0x0000000008007f28                HAL_PCD_DataInStageCallback
 .text.HAL_PCD_SOFCallback
                0x0000000008007f3c        0x8 ../../../libDaisy//build/libdaisy.a(usbd_conf.o)
                0x0000000008007f3c                HAL_PCD_SOFCallback
 .text.HAL_PCD_ResetCallback
                0x0000000008007f44       0x24 ../../../libDaisy//build/libdaisy.a(usbd_conf.o)
                0x0000000008007f44                HAL_PCD_ResetCallback
 .text.HAL_PCD_SuspendCallback
                0x0000000008007f68       0x30 ../../../libDaisy//build/libdaisy.a(usbd_conf.o)
                0x0000000008007f68                HAL_PCD_SuspendCallback
 .text.HAL_PCD_ResumeCallback
                0x0000000008007f98        0x8 ../../../libDaisy//build/libdaisy.a(usbd_conf.o)
                0x0000000008007f98                HAL_PCD_ResumeCallback
 .text.HAL_PCD_ISOOUTIncompleteCallback
                0x0000000008007fa0        0x8 ../../../libDaisy//build/libdaisy.a(usbd_conf.o)
                0x0000000008007fa0                HAL_PCD_ISOOUTIncompleteCallback
 .text.HAL_PCD_ISOINIncompleteCallback
                0x0000000008007fa8        0x8 ../../../libDaisy//build/libdaisy.a(usbd_conf.o)
                0x0000000008007fa8                HAL_PCD_ISOINIncompleteCallback
 .text.HAL_PCD_ConnectCallback
                0x0000000008007fb0        0x8 ../../../libDaisy//build/libdaisy.a(usbd_conf.o)
                0x0000000008007fb0                HAL_PCD_ConnectCallback
 .text.HAL_PCD_DisconnectCallback
                0x0000000008007fb8        0x8 ../../../libDaisy//build/libdaisy.a(usbd_conf.o)
                0x0000000008007fb8                HAL_PCD_DisconnectCallback
 .text.USBD_LL_Init
                0x0000000008007fc0       0xe4 ../../../libDaisy//build/libdaisy.a(usbd_conf.o)
                0x0000000008007fc0                USBD_LL_Init
 .text.USBD_LL_Start
                0x00000000080080a4       0x1c ../../../libDaisy//build/libdaisy.a(usbd_conf.o)
                0x00000000080080a4                USBD_LL_Start
 .text.USBD_LL_OpenEP
                0x00000000080080c0       0x24 ../../../libDaisy//build/libdaisy.a(usbd_conf.o)
                0x00000000080080c0                USBD_LL_OpenEP
 .text.USBD_LL_CloseEP
                0x00000000080080e4       0x1c ../../../libDaisy//build/libdaisy.a(usbd_conf.o)
                0x00000000080080e4                USBD_LL_CloseEP
 .text.USBD_LL_StallEP
                0x0000000008008100       0x1c ../../../libDaisy//build/libdaisy.a(usbd_conf.o)
                0x0000000008008100                USBD_LL_StallEP
 .text.USBD_LL_ClearStallEP
                0x000000000800811c       0x1c ../../../libDaisy//build/libdaisy.a(usbd_conf.o)
                0x000000000800811c                USBD_LL_ClearStallEP
 .text.USBD_LL_IsStallEP
                0x0000000008008138       0x28 ../../../libDaisy//build/libdaisy.a(usbd_conf.o)
                0x0000000008008138                USBD_LL_IsStallEP
 .text.USBD_LL_SetUSBAddress
                0x0000000008008160       0x1c ../../../libDaisy//build/libdaisy.a(usbd_conf.o)
                0x0000000008008160                USBD_LL_SetUSBAddress
 .text.USBD_LL_Transmit
                0x000000000800817c       0x1c ../../../libDaisy//build/libdaisy.a(usbd_conf.o)
                0x000000000800817c                USBD_LL_Transmit
 .text.USBD_LL_PrepareReceive
                0x0000000008008198       0x1c ../../../libDaisy//build/libdaisy.a(usbd_conf.o)
                0x0000000008008198                USBD_LL_PrepareReceive
 .text.USBD_LL_GetRxDataSize
                0x00000000080081b4        0x8 ../../../libDaisy//build/libdaisy.a(usbd_conf.o)
                0x00000000080081b4                USBD_LL_GetRxDataSize
 .text.USBD_HS_DeviceDescriptor
                0x00000000080081bc        0xc ../../../libDaisy//build/libdaisy.a(usbd_desc.o)
                0x00000000080081bc                USBD_HS_DeviceDescriptor
 .text.USBD_FS_DeviceDescriptor
                0x00000000080081c8        0xc ../../../libDaisy//build/libdaisy.a(usbd_desc.o)
                0x00000000080081c8                USBD_FS_DeviceDescriptor
 .text.USBD_FS_LangIDStrDescriptor
                0x00000000080081d4        0xc ../../../libDaisy//build/libdaisy.a(usbd_desc.o)
                0x00000000080081d4                USBD_FS_LangIDStrDescriptor
 .text.USBD_FS_ManufacturerStrDescriptor
                0x00000000080081e0       0x1c ../../../libDaisy//build/libdaisy.a(usbd_desc.o)
                0x00000000080081e0                USBD_FS_ManufacturerStrDescriptor
 .text.USBD_HS_ProductStrDescriptor
                0x00000000080081fc       0x1c ../../../libDaisy//build/libdaisy.a(usbd_desc.o)
                0x00000000080081fc                USBD_HS_ProductStrDescriptor
 .text.USBD_FS_ConfigStrDescriptor
                0x0000000008008218       0x1c ../../../libDaisy//build/libdaisy.a(usbd_desc.o)
                0x0000000008008218                USBD_FS_ConfigStrDescriptor
 .text.USBD_FS_InterfaceStrDescriptor
                0x0000000008008234       0x1c ../../../libDaisy//build/libdaisy.a(usbd_desc.o)
                0x0000000008008234                USBD_FS_InterfaceStrDescriptor
 .text.USBD_FS_ProductStrDescriptor
                0x0000000008008250       0x1c ../../../libDaisy//build/libdaisy.a(usbd_desc.o)
                0x0000000008008250                USBD_FS_ProductStrDescriptor
 .text.USBD_HS_LangIDStrDescriptor
                0x000000000800826c        0xc ../../../libDaisy//build/libdaisy.a(usbd_desc.o)
                0x000000000800826c                USBD_HS_LangIDStrDescriptor
 .text.USBD_HS_ManufacturerStrDescriptor
                0x0000000008008278       0x1c ../../../libDaisy//build/libdaisy.a(usbd_desc.o)
                0x0000000008008278                USBD_HS_ManufacturerStrDescriptor
 .text.USBD_FS_SerialStrDescriptor
                0x0000000008008294      0x124 ../../../libDaisy//build/libdaisy.a(usbd_desc.o)
                0x0000000008008294                USBD_FS_SerialStrDescriptor
 .text.USBD_HS_SerialStrDescriptor
                0x00000000080083b8      0x124 ../../../libDaisy//build/libdaisy.a(usbd_desc.o)
                0x00000000080083b8                USBD_HS_SerialStrDescriptor
 .text.USBD_HS_InterfaceStrDescriptor
                0x00000000080084dc       0x1c ../../../libDaisy//build/libdaisy.a(usbd_desc.o)
                0x00000000080084dc                USBD_HS_InterfaceStrDescriptor
 .text.USBD_HS_ConfigStrDescriptor
                0x00000000080084f8       0x1c ../../../libDaisy//build/libdaisy.a(usbd_desc.o)
                0x00000000080084f8                USBD_HS_ConfigStrDescriptor
 .text.HAL_HCD_SOF_Callback
                0x0000000008008514        0x8 ../../../libDaisy//build/libdaisy.a(usbh_conf.o)
                0x0000000008008514                HAL_HCD_SOF_Callback
 .text.HAL_HCD_Connect_Callback
                0x000000000800851c        0x8 ../../../libDaisy//build/libdaisy.a(usbh_conf.o)
                0x000000000800851c                HAL_HCD_Connect_Callback
 .text.HAL_HCD_Disconnect_Callback
                0x0000000008008524        0x8 ../../../libDaisy//build/libdaisy.a(usbh_conf.o)
                0x0000000008008524                HAL_HCD_Disconnect_Callback
 .text.HAL_HCD_HC_NotifyURBChange_Callback
                0x000000000800852c        0x4 ../../../libDaisy//build/libdaisy.a(usbh_conf.o)
                0x000000000800852c                HAL_HCD_HC_NotifyURBChange_Callback
 .text.HAL_HCD_PortEnabled_Callback
                0x0000000008008530        0x8 ../../../libDaisy//build/libdaisy.a(usbh_conf.o)
                0x0000000008008530                HAL_HCD_PortEnabled_Callback
 .text.HAL_HCD_PortDisabled_Callback
                0x0000000008008538        0x8 ../../../libDaisy//build/libdaisy.a(usbh_conf.o)
                0x0000000008008538                HAL_HCD_PortDisabled_Callback
 .text.USBH_LL_Stop
                0x0000000008008540       0x1c ../../../libDaisy//build/libdaisy.a(usbh_conf.o)
                0x0000000008008540                USBH_LL_Stop
 .text.HAL_MspInit
                0x000000000800855c        0x4 ../../../libDaisy//build/libdaisy.a(stm32h7xx_hal.o)
                0x000000000800855c                HAL_MspInit
 .text.HAL_InitTick
                0x0000000008008560       0x4c ../../../libDaisy//build/libdaisy.a(stm32h7xx_hal.o)
                0x0000000008008560                HAL_InitTick
 .text.HAL_Init
                0x00000000080085ac       0x60 ../../../libDaisy//build/libdaisy.a(stm32h7xx_hal.o)
                0x00000000080085ac                HAL_Init
 .text.HAL_IncTick
                0x000000000800860c       0x18 ../../../libDaisy//build/libdaisy.a(stm32h7xx_hal.o)
                0x000000000800860c                HAL_IncTick
 .text.HAL_GetTick
                0x0000000008008624        0xc ../../../libDaisy//build/libdaisy.a(stm32h7xx_hal.o)
                0x0000000008008624                HAL_GetTick
 .text.HAL_Delay
                0x0000000008008630       0x24 ../../../libDaisy//build/libdaisy.a(stm32h7xx_hal.o)
                0x0000000008008630                HAL_Delay
 .text.HAL_GetREVID
                0x0000000008008654        0xc ../../../libDaisy//build/libdaisy.a(stm32h7xx_hal.o)
                0x0000000008008654                HAL_GetREVID
 .text.HAL_ADC_ConvHalfCpltCallback
                0x0000000008008660        0x4 ../../../libDaisy//build/libdaisy.a(stm32h7xx_hal_adc.o)
                0x0000000008008660                HAL_ADC_ConvHalfCpltCallback
 .text.ADC_DMAHalfConvCplt
                0x0000000008008664        0xc ../../../libDaisy//build/libdaisy.a(stm32h7xx_hal_adc.o)
                0x0000000008008664                ADC_DMAHalfConvCplt
 .text.ADC_DMAConvCplt
                0x0000000008008670       0x6c ../../../libDaisy//build/libdaisy.a(stm32h7xx_hal_adc.o)
                0x0000000008008670                ADC_DMAConvCplt
 .text.ADC_DMAError
                0x00000000080086dc       0x1c ../../../libDaisy//build/libdaisy.a(stm32h7xx_hal_adc.o)
                0x00000000080086dc                ADC_DMAError
 .text.HAL_ADC_ConfigChannel
                0x00000000080086f8      0x440 ../../../libDaisy//build/libdaisy.a(stm32h7xx_hal_adc.o)
                0x00000000080086f8                HAL_ADC_ConfigChannel
 .text.ADC_Enable
                0x0000000008008b38       0xac ../../../libDaisy//build/libdaisy.a(stm32h7xx_hal_adc.o)
                0x0000000008008b38                ADC_Enable
 .text.HAL_ADC_Start_DMA
                0x0000000008008be4      0x124 ../../../libDaisy//build/libdaisy.a(stm32h7xx_hal_adc.o)
                0x0000000008008be4                HAL_ADC_Start_DMA
 .text.ADC_Disable
                0x0000000008008d08       0x74 ../../../libDaisy//build/libdaisy.a(stm32h7xx_hal_adc.o)
                0x0000000008008d08                ADC_Disable
 .text.ADC_ConfigureBoostMode
                0x0000000008008d7c      0x17c ../../../libDaisy//build/libdaisy.a(stm32h7xx_hal_adc.o)
                0x0000000008008d7c                ADC_ConfigureBoostMode
 .text.HAL_ADC_Init
                0x0000000008008ef8      0x21c ../../../libDaisy//build/libdaisy.a(stm32h7xx_hal_adc.o)
                0x0000000008008ef8                HAL_ADC_Init
 .text.HAL_ADCEx_Calibration_Start
                0x0000000008009114       0xa4 ../../../libDaisy//build/libdaisy.a(stm32h7xx_hal_adc_ex.o)
                0x0000000008009114                HAL_ADCEx_Calibration_Start
 .text.HAL_ADCEx_MultiModeConfigChannel
                0x00000000080091b8       0xd0 ../../../libDaisy//build/libdaisy.a(stm32h7xx_hal_adc_ex.o)
                0x00000000080091b8                HAL_ADCEx_MultiModeConfigChannel
 .text.HAL_NVIC_SetPriorityGrouping
                0x0000000008009288       0x24 ../../../libDaisy//build/libdaisy.a(stm32h7xx_hal_cortex.o)
                0x0000000008009288                HAL_NVIC_SetPriorityGrouping
 .text.HAL_NVIC_SetPriority
                0x00000000080092ac       0x7c ../../../libDaisy//build/libdaisy.a(stm32h7xx_hal_cortex.o)
                0x00000000080092ac                HAL_NVIC_SetPriority
 .text.HAL_NVIC_EnableIRQ
                0x0000000008009328       0x1c ../../../libDaisy//build/libdaisy.a(stm32h7xx_hal_cortex.o)
                0x0000000008009328                HAL_NVIC_EnableIRQ
 .text.HAL_NVIC_DisableIRQ
                0x0000000008009344       0x28 ../../../libDaisy//build/libdaisy.a(stm32h7xx_hal_cortex.o)
                0x0000000008009344                HAL_NVIC_DisableIRQ
 .text.HAL_SYSTICK_Config
                0x000000000800936c       0x2c ../../../libDaisy//build/libdaisy.a(stm32h7xx_hal_cortex.o)
                0x000000000800936c                HAL_SYSTICK_Config
 .text.HAL_MPU_Disable
                0x0000000008009398       0x1c ../../../libDaisy//build/libdaisy.a(stm32h7xx_hal_cortex.o)
                0x0000000008009398                HAL_MPU_Disable
 .text.HAL_MPU_Enable
                0x00000000080093b4       0x20 ../../../libDaisy//build/libdaisy.a(stm32h7xx_hal_cortex.o)
                0x00000000080093b4                HAL_MPU_Enable
 .text.HAL_MPU_ConfigRegion
                0x00000000080093d4       0x64 ../../../libDaisy//build/libdaisy.a(stm32h7xx_hal_cortex.o)
                0x00000000080093d4                HAL_MPU_ConfigRegion
 .text.HAL_SYSTICK_Callback
                0x0000000008009438        0x4 ../../../libDaisy//build/libdaisy.a(stm32h7xx_hal_cortex.o)
                0x0000000008009438                HAL_SYSTICK_Callback
 .text.HAL_SYSTICK_IRQHandler
                0x000000000800943c        0x8 ../../../libDaisy//build/libdaisy.a(stm32h7xx_hal_cortex.o)
                0x000000000800943c                HAL_SYSTICK_IRQHandler
 .text.HAL_DAC_Init
                0x0000000008009444       0x2c ../../../libDaisy//build/libdaisy.a(stm32h7xx_hal_dac.o)
                0x0000000008009444                HAL_DAC_Init
 .text.HAL_DAC_Start_DMA
                0x0000000008009470      0x118 ../../../libDaisy//build/libdaisy.a(stm32h7xx_hal_dac.o)
                0x0000000008009470                HAL_DAC_Start_DMA
 .text.HAL_DAC_Stop_DMA
                0x0000000008009588       0x5c ../../../libDaisy//build/libdaisy.a(stm32h7xx_hal_dac.o)
                0x0000000008009588                HAL_DAC_Stop_DMA
 .text.DAC_DMAConvCpltCh1
                0x00000000080095e4       0x10 ../../../libDaisy//build/libdaisy.a(stm32h7xx_hal_dac.o)
                0x00000000080095e4                DAC_DMAConvCpltCh1
 .text.DAC_DMAHalfConvCpltCh1
                0x00000000080095f4        0xc ../../../libDaisy//build/libdaisy.a(stm32h7xx_hal_dac.o)
                0x00000000080095f4                DAC_DMAHalfConvCpltCh1
 .text.HAL_DAC_ErrorCallbackCh1
                0x0000000008009600        0x4 ../../../libDaisy//build/libdaisy.a(stm32h7xx_hal_dac.o)
                0x0000000008009600                HAL_DAC_ErrorCallbackCh1
 .text.DAC_DMAErrorCh1
                0x0000000008009604       0x18 ../../../libDaisy//build/libdaisy.a(stm32h7xx_hal_dac.o)
                0x0000000008009604                DAC_DMAErrorCh1
 .text.HAL_DAC_DMAUnderrunCallbackCh1
                0x000000000800961c        0x4 ../../../libDaisy//build/libdaisy.a(stm32h7xx_hal_dac.o)
                0x000000000800961c                HAL_DAC_DMAUnderrunCallbackCh1
 .text.HAL_DAC_IRQHandler
                0x0000000008009620       0x68 ../../../libDaisy//build/libdaisy.a(stm32h7xx_hal_dac.o)
                0x0000000008009620                HAL_DAC_IRQHandler
 .text.HAL_DAC_ConfigChannel
                0x0000000008009688      0x15c ../../../libDaisy//build/libdaisy.a(stm32h7xx_hal_dac.o)
                0x0000000008009688                HAL_DAC_ConfigChannel
 .text.DAC_DMAConvCpltCh2
                0x00000000080097e4       0x10 ../../../libDaisy//build/libdaisy.a(stm32h7xx_hal_dac_ex.o)
                0x00000000080097e4                DAC_DMAConvCpltCh2
 .text.DAC_DMAHalfConvCpltCh2
                0x00000000080097f4        0xc ../../../libDaisy//build/libdaisy.a(stm32h7xx_hal_dac_ex.o)
                0x00000000080097f4                DAC_DMAHalfConvCpltCh2
 .text.HAL_DACEx_ErrorCallbackCh2
                0x0000000008009800        0x4 ../../../libDaisy//build/libdaisy.a(stm32h7xx_hal_dac_ex.o)
                0x0000000008009800                HAL_DACEx_ErrorCallbackCh2
 .text.DAC_DMAErrorCh2
                0x0000000008009804       0x18 ../../../libDaisy//build/libdaisy.a(stm32h7xx_hal_dac_ex.o)
                0x0000000008009804                DAC_DMAErrorCh2
 .text.HAL_DACEx_DMAUnderrunCallbackCh2
                0x000000000800981c        0x4 ../../../libDaisy//build/libdaisy.a(stm32h7xx_hal_dac_ex.o)
                0x000000000800981c                HAL_DACEx_DMAUnderrunCallbackCh2
 .text.DMA_CalcBaseAndBitshift
                0x0000000008009820       0xf4 ../../../libDaisy//build/libdaisy.a(stm32h7xx_hal_dma.o)
 .text.DMA_CalcDMAMUXChannelBaseAndMask
                0x0000000008009914       0xd8 ../../../libDaisy//build/libdaisy.a(stm32h7xx_hal_dma.o)
 .text.HAL_DMA_Init
                0x00000000080099ec      0x4dc ../../../libDaisy//build/libdaisy.a(stm32h7xx_hal_dma.o)
                0x00000000080099ec                HAL_DMA_Init
 .text.HAL_DMA_Start_IT
                0x0000000008009ec8      0x330 ../../../libDaisy//build/libdaisy.a(stm32h7xx_hal_dma.o)
                0x0000000008009ec8                HAL_DMA_Start_IT
 .text.HAL_DMA_Abort
                0x000000000800a1f8      0x2f0 ../../../libDaisy//build/libdaisy.a(stm32h7xx_hal_dma.o)
                0x000000000800a1f8                HAL_DMA_Abort
 .text.HAL_DMA_Abort_IT
                0x000000000800a4e8      0x194 ../../../libDaisy//build/libdaisy.a(stm32h7xx_hal_dma.o)
                0x000000000800a4e8                HAL_DMA_Abort_IT
 .text.HAL_DMA_IRQHandler
                0x000000000800a67c      0x6a0 ../../../libDaisy//build/libdaisy.a(stm32h7xx_hal_dma.o)
                0x000000000800a67c                HAL_DMA_IRQHandler
 .text.HAL_DMA_GetError
                0x000000000800ad1c        0x4 ../../../libDaisy//build/libdaisy.a(stm32h7xx_hal_dma.o)
                0x000000000800ad1c                HAL_DMA_GetError
 .text.HAL_GPIO_Init
                0x000000000800ad20      0x274 ../../../libDaisy//build/libdaisy.a(stm32h7xx_hal_gpio.o)
                0x000000000800ad20                HAL_GPIO_Init
 .text.HAL_GPIO_DeInit
                0x000000000800af94      0x190 ../../../libDaisy//build/libdaisy.a(stm32h7xx_hal_gpio.o)
                0x000000000800af94                HAL_GPIO_DeInit
 .text.HAL_GPIO_ReadPin
                0x000000000800b124        0xc ../../../libDaisy//build/libdaisy.a(stm32h7xx_hal_gpio.o)
                0x000000000800b124                HAL_GPIO_ReadPin
 .text.HAL_GPIO_WritePin
                0x000000000800b130        0x8 ../../../libDaisy//build/libdaisy.a(stm32h7xx_hal_gpio.o)
                0x000000000800b130                HAL_GPIO_WritePin
 .text.HAL_HCD_IRQHandler
                0x000000000800b138      0x8f4 ../../../libDaisy//build/libdaisy.a(stm32h7xx_hal_hcd.o)
                0x000000000800b138                HAL_HCD_IRQHandler
 .text.HAL_HCD_Stop
                0x000000000800ba2c       0x28 ../../../libDaisy//build/libdaisy.a(stm32h7xx_hal_hcd.o)
                0x000000000800ba2c                HAL_HCD_Stop
 .text.I2C_WaitOnTXISFlagUntilTimeout
                0x000000000800ba54      0x16c ../../../libDaisy//build/libdaisy.a(stm32h7xx_hal_i2c.o)
 .text.I2C_WaitOnSTOPFlagUntilTimeout
                0x000000000800bbc0      0x168 ../../../libDaisy//build/libdaisy.a(stm32h7xx_hal_i2c.o)
 .text.HAL_I2C_Init
                0x000000000800bd28       0xac ../../../libDaisy//build/libdaisy.a(stm32h7xx_hal_i2c.o)
                0x000000000800bd28                HAL_I2C_Init
 .text.HAL_I2C_Mem_Write
                0x000000000800bdd4      0x268 ../../../libDaisy//build/libdaisy.a(stm32h7xx_hal_i2c.o)
                0x000000000800bdd4                HAL_I2C_Mem_Write
 .text.HAL_I2C_Mem_Read
                0x000000000800c03c      0x2cc ../../../libDaisy//build/libdaisy.a(stm32h7xx_hal_i2c.o)
                0x000000000800c03c                HAL_I2C_Mem_Read
 .text.HAL_I2C_EV_IRQHandler
                0x000000000800c308       0x10 ../../../libDaisy//build/libdaisy.a(stm32h7xx_hal_i2c.o)
                0x000000000800c308                HAL_I2C_EV_IRQHandler
 .text.HAL_I2C_GetState
                0x000000000800c318        0x8 ../../../libDaisy//build/libdaisy.a(stm32h7xx_hal_i2c.o)
                0x000000000800c318                HAL_I2C_GetState
 .text.HAL_I2CEx_ConfigAnalogFilter
                0x000000000800c320       0x54 ../../../libDaisy//build/libdaisy.a(stm32h7xx_hal_i2c_ex.o)
                0x000000000800c320                HAL_I2CEx_ConfigAnalogFilter
 .text.HAL_I2CEx_ConfigDigitalFilter
                0x000000000800c374       0x58 ../../../libDaisy//build/libdaisy.a(stm32h7xx_hal_i2c_ex.o)
                0x000000000800c374                HAL_I2CEx_ConfigDigitalFilter
 .text.HAL_PCD_Init
                0x000000000800c3cc      0x11c ../../../libDaisy//build/libdaisy.a(stm32h7xx_hal_pcd.o)
                0x000000000800c3cc                HAL_PCD_Init
 .text.HAL_PCD_Start
                0x000000000800c4e8       0x44 ../../../libDaisy//build/libdaisy.a(stm32h7xx_hal_pcd.o)
                0x000000000800c4e8                HAL_PCD_Start
 .text.HAL_PCD_IRQHandler
                0x000000000800c52c      0xb48 ../../../libDaisy//build/libdaisy.a(stm32h7xx_hal_pcd.o)
                0x000000000800c52c                HAL_PCD_IRQHandler
 .text.HAL_PCD_SetAddress
                0x000000000800d074       0x2c ../../../libDaisy//build/libdaisy.a(stm32h7xx_hal_pcd.o)
                0x000000000800d074                HAL_PCD_SetAddress
 .text.HAL_PCD_EP_Open
                0x000000000800d0a0       0x7c ../../../libDaisy//build/libdaisy.a(stm32h7xx_hal_pcd.o)
                0x000000000800d0a0                HAL_PCD_EP_Open
 .text.HAL_PCD_EP_Close
                0x000000000800d11c       0x6c ../../../libDaisy//build/libdaisy.a(stm32h7xx_hal_pcd.o)
                0x000000000800d11c                HAL_PCD_EP_Close
 .text.HAL_PCD_EP_Receive
                0x000000000800d188       0x44 ../../../libDaisy//build/libdaisy.a(stm32h7xx_hal_pcd.o)
                0x000000000800d188                HAL_PCD_EP_Receive
 .text.HAL_PCD_EP_GetRxCount
                0x000000000800d1cc       0x14 ../../../libDaisy//build/libdaisy.a(stm32h7xx_hal_pcd.o)
                0x000000000800d1cc                HAL_PCD_EP_GetRxCount
 .text.HAL_PCD_EP_Transmit
                0x000000000800d1e0       0x44 ../../../libDaisy//build/libdaisy.a(stm32h7xx_hal_pcd.o)
                0x000000000800d1e0                HAL_PCD_EP_Transmit
 .text.HAL_PCD_EP_SetStall
                0x000000000800d224       0x88 ../../../libDaisy//build/libdaisy.a(stm32h7xx_hal_pcd.o)
                0x000000000800d224                HAL_PCD_EP_SetStall
 .text.HAL_PCD_EP_ClrStall
                0x000000000800d2ac       0x78 ../../../libDaisy//build/libdaisy.a(stm32h7xx_hal_pcd.o)
                0x000000000800d2ac                HAL_PCD_EP_ClrStall
 .text.HAL_PCDEx_SetTxFiFo
                0x000000000800d324       0x54 ../../../libDaisy//build/libdaisy.a(stm32h7xx_hal_pcd_ex.o)
                0x000000000800d324                HAL_PCDEx_SetTxFiFo
 .text.HAL_PCDEx_SetRxFiFo
                0x000000000800d378        0xc ../../../libDaisy//build/libdaisy.a(stm32h7xx_hal_pcd_ex.o)
                0x000000000800d378                HAL_PCDEx_SetRxFiFo
 .text.HAL_PCDEx_ActivateLPM
                0x000000000800d384       0x30 ../../../libDaisy//build/libdaisy.a(stm32h7xx_hal_pcd_ex.o)
                0x000000000800d384                HAL_PCDEx_ActivateLPM
 .text.HAL_PCDEx_LPM_Callback
                0x000000000800d3b4        0x4 ../../../libDaisy//build/libdaisy.a(stm32h7xx_hal_pcd_ex.o)
                0x000000000800d3b4                HAL_PCDEx_LPM_Callback
 .text.HAL_PWREx_ConfigSupply
                0x000000000800d3b8       0x48 ../../../libDaisy//build/libdaisy.a(stm32h7xx_hal_pwr_ex.o)
                0x000000000800d3b8                HAL_PWREx_ConfigSupply
 .text.HAL_PWREx_EnableUSBVoltageDetector
                0x000000000800d400       0x10 ../../../libDaisy//build/libdaisy.a(stm32h7xx_hal_pwr_ex.o)
                0x000000000800d400                HAL_PWREx_EnableUSBVoltageDetector
 .text.QSPI_Config
                0x000000000800d410      0x174 ../../../libDaisy//build/libdaisy.a(stm32h7xx_hal_qspi.o)
 .text.HAL_QSPI_Init
                0x000000000800d584       0xb8 ../../../libDaisy//build/libdaisy.a(stm32h7xx_hal_qspi.o)
                0x000000000800d584                HAL_QSPI_Init
 .text.HAL_QSPI_DeInit
                0x000000000800d63c       0x24 ../../../libDaisy//build/libdaisy.a(stm32h7xx_hal_qspi.o)
                0x000000000800d63c                HAL_QSPI_DeInit
 .text.HAL_QSPI_Command
                0x000000000800d660       0xd4 ../../../libDaisy//build/libdaisy.a(stm32h7xx_hal_qspi.o)
                0x000000000800d660                HAL_QSPI_Command
 .text.HAL_QSPI_Transmit
                0x000000000800d734       0xfc ../../../libDaisy//build/libdaisy.a(stm32h7xx_hal_qspi.o)
                0x000000000800d734                HAL_QSPI_Transmit
 .text.HAL_QSPI_Receive
                0x000000000800d830      0x108 ../../../libDaisy//build/libdaisy.a(stm32h7xx_hal_qspi.o)
                0x000000000800d830                HAL_QSPI_Receive
 .text.HAL_QSPI_AutoPolling
                0x000000000800d938       0xf0 ../../../libDaisy//build/libdaisy.a(stm32h7xx_hal_qspi.o)
                0x000000000800d938                HAL_QSPI_AutoPolling
 .text.HAL_QSPI_MemoryMapped
                0x000000000800da28       0xc0 ../../../libDaisy//build/libdaisy.a(stm32h7xx_hal_qspi.o)
                0x000000000800da28                HAL_QSPI_MemoryMapped
 .text.HAL_QSPI_ErrorCallback
                0x000000000800dae8        0x4 ../../../libDaisy//build/libdaisy.a(stm32h7xx_hal_qspi.o)
                0x000000000800dae8                HAL_QSPI_ErrorCallback
 .text.QSPI_DMAAbortCplt
                0x000000000800daec       0x38 ../../../libDaisy//build/libdaisy.a(stm32h7xx_hal_qspi.o)
 .text.HAL_QSPI_AbortCpltCallback
                0x000000000800db24        0x4 ../../../libDaisy//build/libdaisy.a(stm32h7xx_hal_qspi.o)
                0x000000000800db24                HAL_QSPI_AbortCpltCallback
 .text.HAL_QSPI_CmdCpltCallback
                0x000000000800db28        0x4 ../../../libDaisy//build/libdaisy.a(stm32h7xx_hal_qspi.o)
                0x000000000800db28                HAL_QSPI_CmdCpltCallback
 .text.HAL_QSPI_RxCpltCallback
                0x000000000800db2c        0x4 ../../../libDaisy//build/libdaisy.a(stm32h7xx_hal_qspi.o)
                0x000000000800db2c                HAL_QSPI_RxCpltCallback
 .text.HAL_QSPI_TxCpltCallback
                0x000000000800db30        0x4 ../../../libDaisy//build/libdaisy.a(stm32h7xx_hal_qspi.o)
                0x000000000800db30                HAL_QSPI_TxCpltCallback
 .text.HAL_QSPI_FifoThresholdCallback
                0x000000000800db34        0x4 ../../../libDaisy//build/libdaisy.a(stm32h7xx_hal_qspi.o)
                0x000000000800db34                HAL_QSPI_FifoThresholdCallback
 .text.HAL_QSPI_StatusMatchCallback
                0x000000000800db38        0x4 ../../../libDaisy//build/libdaisy.a(stm32h7xx_hal_qspi.o)
                0x000000000800db38                HAL_QSPI_StatusMatchCallback
 .text.HAL_QSPI_TimeOutCallback
                0x000000000800db3c        0x4 ../../../libDaisy//build/libdaisy.a(stm32h7xx_hal_qspi.o)
                0x000000000800db3c                HAL_QSPI_TimeOutCallback
 .text.HAL_QSPI_IRQHandler
                0x000000000800db40      0x210 ../../../libDaisy//build/libdaisy.a(stm32h7xx_hal_qspi.o)
                0x000000000800db40                HAL_QSPI_IRQHandler
 .text.HAL_RCC_GetSysClockFreq.part.0
                0x000000000800dd50      0x130 ../../../libDaisy//build/libdaisy.a(stm32h7xx_hal_rcc.o)
 .text.HAL_RCC_OscConfig
                0x000000000800de80      0x5f4 ../../../libDaisy//build/libdaisy.a(stm32h7xx_hal_rcc.o)
                0x000000000800de80                HAL_RCC_OscConfig
 .text.HAL_RCC_GetSysClockFreq
                0x000000000800e474      0x140 ../../../libDaisy//build/libdaisy.a(stm32h7xx_hal_rcc.o)
                0x000000000800e474                HAL_RCC_GetSysClockFreq
 .text.HAL_RCC_ClockConfig
                0x000000000800e5b4      0x250 ../../../libDaisy//build/libdaisy.a(stm32h7xx_hal_rcc.o)
                0x000000000800e5b4                HAL_RCC_ClockConfig
 .text.HAL_RCC_GetHCLKFreq
                0x000000000800e804       0x80 ../../../libDaisy//build/libdaisy.a(stm32h7xx_hal_rcc.o)
                0x000000000800e804                HAL_RCC_GetHCLKFreq
 .text.HAL_RCC_GetPCLK1Freq
                0x000000000800e884       0x90 ../../../libDaisy//build/libdaisy.a(stm32h7xx_hal_rcc.o)
                0x000000000800e884                HAL_RCC_GetPCLK1Freq
 .text.HAL_RCC_GetPCLK2Freq
                0x000000000800e914       0x90 ../../../libDaisy//build/libdaisy.a(stm32h7xx_hal_rcc.o)
                0x000000000800e914                HAL_RCC_GetPCLK2Freq
 .text.RCCEx_PLL2_Config
                0x000000000800e9a4       0xf4 ../../../libDaisy//build/libdaisy.a(stm32h7xx_hal_rcc_ex.o)
 .text.RCCEx_PLL3_Config
                0x000000000800ea98       0xf4 ../../../libDaisy//build/libdaisy.a(stm32h7xx_hal_rcc_ex.o)
 .text.HAL_RCCEx_PeriphCLKConfig
                0x000000000800eb8c      0xbf8 ../../../libDaisy//build/libdaisy.a(stm32h7xx_hal_rcc_ex.o)
                0x000000000800eb8c                HAL_RCCEx_PeriphCLKConfig
 .text.HAL_RCCEx_GetD3PCLK1Freq
                0x000000000800f784       0x24 ../../../libDaisy//build/libdaisy.a(stm32h7xx_hal_rcc_ex.o)
                0x000000000800f784                HAL_RCCEx_GetD3PCLK1Freq
 .text.HAL_RCCEx_GetPLL2ClockFreq
                0x000000000800f7a8      0x17c ../../../libDaisy//build/libdaisy.a(stm32h7xx_hal_rcc_ex.o)
                0x000000000800f7a8                HAL_RCCEx_GetPLL2ClockFreq
 .text.HAL_RCCEx_GetPLL3ClockFreq
                0x000000000800f924      0x17c ../../../libDaisy//build/libdaisy.a(stm32h7xx_hal_rcc_ex.o)
                0x000000000800f924                HAL_RCCEx_GetPLL3ClockFreq
 .text.HAL_RCCEx_GetPLL1ClockFreq
                0x000000000800faa0      0x18c ../../../libDaisy//build/libdaisy.a(stm32h7xx_hal_rcc_ex.o)
                0x000000000800faa0                HAL_RCCEx_GetPLL1ClockFreq
 .text.HAL_RCCEx_GetPeriphCLKFreq
                0x000000000800fc2c      0x390 ../../../libDaisy//build/libdaisy.a(stm32h7xx_hal_rcc_ex.o)
                0x000000000800fc2c                HAL_RCCEx_GetPeriphCLKFreq
 .text.HAL_SAI_Init.part.0
                0x000000000800ffbc      0x390 ../../../libDaisy//build/libdaisy.a(stm32h7xx_hal_sai.o)
 .text.HAL_SAI_InitProtocol
                0x000000000801034c      0x174 ../../../libDaisy//build/libdaisy.a(stm32h7xx_hal_sai.o)
                0x000000000801034c                HAL_SAI_InitProtocol
 .text.HAL_SAI_Transmit_DMA
                0x00000000080104c0      0x124 ../../../libDaisy//build/libdaisy.a(stm32h7xx_hal_sai.o)
                0x00000000080104c0                HAL_SAI_Transmit_DMA
 .text.HAL_SAI_Receive_DMA
                0x00000000080105e4       0xd0 ../../../libDaisy//build/libdaisy.a(stm32h7xx_hal_sai.o)
                0x00000000080105e4                HAL_SAI_Receive_DMA
 .text.HAL_SAI_TxCpltCallback
                0x00000000080106b4        0x4 ../../../libDaisy//build/libdaisy.a(stm32h7xx_hal_sai.o)
                0x00000000080106b4                HAL_SAI_TxCpltCallback
 .text.SAI_DMATxCplt
                0x00000000080106b8       0x64 ../../../libDaisy//build/libdaisy.a(stm32h7xx_hal_sai.o)
 .text.HAL_SAI_TxHalfCpltCallback
                0x000000000801071c        0x4 ../../../libDaisy//build/libdaisy.a(stm32h7xx_hal_sai.o)
                0x000000000801071c                HAL_SAI_TxHalfCpltCallback
 .text.SAI_DMATxHalfCplt
                0x0000000008010720        0xc ../../../libDaisy//build/libdaisy.a(stm32h7xx_hal_sai.o)
 .text.SAI_DMARxCplt
                0x000000000801072c       0x64 ../../../libDaisy//build/libdaisy.a(stm32h7xx_hal_sai.o)
 .text.SAI_DMARxHalfCplt
                0x0000000008010790        0xc ../../../libDaisy//build/libdaisy.a(stm32h7xx_hal_sai.o)
 .text.HAL_SAI_ErrorCallback
                0x000000000801079c        0x4 ../../../libDaisy//build/libdaisy.a(stm32h7xx_hal_sai.o)
                0x000000000801079c                HAL_SAI_ErrorCallback
 .text.SAI_DMAError
                0x00000000080107a0       0x6c ../../../libDaisy//build/libdaisy.a(stm32h7xx_hal_sai.o)
 .text.HAL_SDRAM_Init
                0x000000000801080c       0x54 ../../../libDaisy//build/libdaisy.a(stm32h7xx_hal_sdram.o)
                0x000000000801080c                HAL_SDRAM_Init
 .text.HAL_SDRAM_SendCommand
                0x0000000008010860       0x40 ../../../libDaisy//build/libdaisy.a(stm32h7xx_hal_sdram.o)
                0x0000000008010860                HAL_SDRAM_SendCommand
 .text.HAL_SDRAM_ProgramRefreshRate
                0x00000000080108a0       0x30 ../../../libDaisy//build/libdaisy.a(stm32h7xx_hal_sdram.o)
                0x00000000080108a0                HAL_SDRAM_ProgramRefreshRate
 .text.HAL_TIM_Base_Init
                0x00000000080108d0      0x16c ../../../libDaisy//build/libdaisy.a(stm32h7xx_hal_tim.o)
                0x00000000080108d0                HAL_TIM_Base_Init
 .text.HAL_TIM_Base_Start
                0x0000000008010a3c       0xb0 ../../../libDaisy//build/libdaisy.a(stm32h7xx_hal_tim.o)
                0x0000000008010a3c                HAL_TIM_Base_Start
 .text.HAL_TIM_Base_Start_IT
                0x0000000008010aec       0xb8 ../../../libDaisy//build/libdaisy.a(stm32h7xx_hal_tim.o)
                0x0000000008010aec                HAL_TIM_Base_Start_IT
 .text.HAL_TIM_ConfigClockSource
                0x0000000008010ba4      0x198 ../../../libDaisy//build/libdaisy.a(stm32h7xx_hal_tim.o)
                0x0000000008010ba4                HAL_TIM_ConfigClockSource
 .text.HAL_TIM_OC_DelayElapsedCallback
                0x0000000008010d3c        0x4 ../../../libDaisy//build/libdaisy.a(stm32h7xx_hal_tim.o)
                0x0000000008010d3c                HAL_TIM_OC_DelayElapsedCallback
 .text.HAL_TIM_IC_CaptureCallback
                0x0000000008010d40        0x4 ../../../libDaisy//build/libdaisy.a(stm32h7xx_hal_tim.o)
                0x0000000008010d40                HAL_TIM_IC_CaptureCallback
 .text.HAL_TIM_PWM_PulseFinishedCallback
                0x0000000008010d44        0x4 ../../../libDaisy//build/libdaisy.a(stm32h7xx_hal_tim.o)
                0x0000000008010d44                HAL_TIM_PWM_PulseFinishedCallback
 .text.HAL_TIM_TriggerCallback
                0x0000000008010d48        0x4 ../../../libDaisy//build/libdaisy.a(stm32h7xx_hal_tim.o)
                0x0000000008010d48                HAL_TIM_TriggerCallback
 .text.HAL_TIM_IRQHandler
                0x0000000008010d4c      0x154 ../../../libDaisy//build/libdaisy.a(stm32h7xx_hal_tim.o)
                0x0000000008010d4c                HAL_TIM_IRQHandler
 .text.HAL_TIMEx_MasterConfigSynchronization
                0x0000000008010ea0       0xb4 ../../../libDaisy//build/libdaisy.a(stm32h7xx_hal_tim_ex.o)
                0x0000000008010ea0                HAL_TIMEx_MasterConfigSynchronization
 .text.HAL_TIMEx_CommutCallback
                0x0000000008010f54        0x4 ../../../libDaisy//build/libdaisy.a(stm32h7xx_hal_tim_ex.o)
                0x0000000008010f54                HAL_TIMEx_CommutCallback
 .text.HAL_TIMEx_BreakCallback
                0x0000000008010f58        0x4 ../../../libDaisy//build/libdaisy.a(stm32h7xx_hal_tim_ex.o)
                0x0000000008010f58                HAL_TIMEx_BreakCallback
 .text.HAL_TIMEx_Break2Callback
                0x0000000008010f5c        0x4 ../../../libDaisy//build/libdaisy.a(stm32h7xx_hal_tim_ex.o)
                0x0000000008010f5c                HAL_TIMEx_Break2Callback
 .text.FMC_SDRAM_Init
                0x0000000008010f60       0x7c ../../../libDaisy//build/libdaisy.a(stm32h7xx_ll_fmc.o)
                0x0000000008010f60                FMC_SDRAM_Init
 .text.FMC_SDRAM_Timing_Init
                0x0000000008010fdc       0x98 ../../../libDaisy//build/libdaisy.a(stm32h7xx_ll_fmc.o)
                0x0000000008010fdc                FMC_SDRAM_Timing_Init
 .text.FMC_SDRAM_SendCommand
                0x0000000008011074       0x30 ../../../libDaisy//build/libdaisy.a(stm32h7xx_ll_fmc.o)
                0x0000000008011074                FMC_SDRAM_SendCommand
 .text.FMC_SDRAM_ProgramRefreshRate
                0x00000000080110a4       0x1c ../../../libDaisy//build/libdaisy.a(stm32h7xx_ll_fmc.o)
                0x00000000080110a4                FMC_SDRAM_ProgramRefreshRate
 .text.USB_CoreInit
                0x00000000080110c0      0x144 ../../../libDaisy//build/libdaisy.a(stm32h7xx_ll_usb.o)
                0x00000000080110c0                USB_CoreInit
 .text.USB_SetTurnaroundTime
                0x0000000008011204       0xf4 ../../../libDaisy//build/libdaisy.a(stm32h7xx_ll_usb.o)
                0x0000000008011204                USB_SetTurnaroundTime
 .text.USB_EnableGlobalInt
                0x00000000080112f8       0x10 ../../../libDaisy//build/libdaisy.a(stm32h7xx_ll_usb.o)
                0x00000000080112f8                USB_EnableGlobalInt
 .text.USB_DisableGlobalInt
                0x0000000008011308       0x10 ../../../libDaisy//build/libdaisy.a(stm32h7xx_ll_usb.o)
                0x0000000008011308                USB_DisableGlobalInt
 .text.USB_SetCurrentMode
                0x0000000008011318       0x6c ../../../libDaisy//build/libdaisy.a(stm32h7xx_ll_usb.o)
                0x0000000008011318                USB_SetCurrentMode
 .text.USB_DevInit
                0x0000000008011384      0x230 ../../../libDaisy//build/libdaisy.a(stm32h7xx_ll_usb.o)
                0x0000000008011384                USB_DevInit
 .text.USB_FlushTxFifo
                0x00000000080115b4       0x54 ../../../libDaisy//build/libdaisy.a(stm32h7xx_ll_usb.o)
                0x00000000080115b4                USB_FlushTxFifo
 .text.USB_FlushRxFifo
                0x0000000008011608       0x50 ../../../libDaisy//build/libdaisy.a(stm32h7xx_ll_usb.o)
                0x0000000008011608                USB_FlushRxFifo
 .text.USB_GetDevSpeed